warning: profiles for the non root package will be ignored, specify profiles at the workspace root:
package:   /Users/backenddevopsdeveloper/Downloads/DRIPS/degen-crucible/backend/Cargo.toml
workspace: /Users/backenddevopsdeveloper/Downloads/DRIPS/degen-crucible/Cargo.toml
    Checking backend v0.1.0 (/Users/backenddevopsdeveloper/Downloads/DRIPS/degen-crucible/backend)
error: set `DATABASE_URL` to use query macros online, or run `cargo sqlx prepare` to update the query cache
   --> backend/src/services/business_metrics.rs:110:9
    |
110 | /         sqlx::query_as!(
111 | |             BusinessMetric,
112 | |             r#"
113 | |             INSERT INTO business_metrics (id, name, value, unit, category, tags, recorded_at, source)
...   |
124 | |             source as MetricSource,
125 | |         )
    | |_________^
    |
    = note: this error originates in the macro `$crate::sqlx_macros::expand_query` which comes from the expansion of the macro `sqlx::query_as` (in Nightly builds, run with -Z macro-backtrace for more info)

error: set `DATABASE_URL` to use query macros online, or run `cargo sqlx prepare` to update the query cache
   --> backend/src/services/business_metrics.rs:185:13
    |
185 | /             sqlx::query!(
186 | |                 r#"
187 | |                 INSERT INTO business_metrics (id, name, value, unit, category, tags, recorded_at, source)
188 | |                 VALUES ($1, $2, $3, $4, $5, $6, $7, $8)
...   |
196 | |                 source as MetricSource,
197 | |             )
    | |_____________^
    |
    = note: this error originates in the macro `$crate::sqlx_macros::expand_query` which comes from the expansion of the macro `sqlx::query` (in Nightly builds, run with -Z macro-backtrace for more info)

error: set `DATABASE_URL` to use query macros online, or run `cargo sqlx prepare` to update the query cache
   --> backend/src/services/business_metrics.rs:236:13
    |
236 |             sqlx::query_scalar!(r#"SELECT COUNT(*) as "count!" FROM business_metrics WHERE 1=1"#)
    |             ^^^^^^^^^^^^^^^^^^^^^^^^^^^^^^^^^^^^^^^^^^^^^^^^^^^^^^^^^^^^^^^^^^^^^^^^^^^^^^^^^^^^^
    |
    = note: this error originates in the macro `$crate::sqlx_macros::expand_query` which comes from the expansion of the macro `sqlx::query_scalar` (in Nightly builds, run with -Z macro-backtrace for more info)

error: set `DATABASE_URL` to use query macros online, or run `cargo sqlx prepare` to update the query cache
   --> backend/src/services/business_metrics.rs:242:23
    |
242 |           let metrics = sqlx::query_as!(
    |  _______________________^
243 | |             BusinessMetric,
244 | |             r#"
245 | |             SELECT id, name, value, unit, category as "category: _", tags as "tags: _", recorded_at, source as "source: _"
...   |
251 | |             offset,
252 | |         )
    | |_________^
    |
    = note: this error originates in the macro `$crate::sqlx_macros::expand_query` which comes from the expansion of the macro `sqlx::query_as` (in Nightly builds, run with -Z macro-backtrace for more info)

error: set `DATABASE_URL` to use query macros online, or run `cargo sqlx prepare` to update the query cache
   --> backend/src/services/business_metrics.rs:264:13
    |
264 |             sqlx::query_scalar!(r#"SELECT COUNT(*) as "count!" FROM business_metrics"#)
    |             ^^^^^^^^^^^^^^^^^^^^^^^^^^^^^^^^^^^^^^^^^^^^^^^^^^^^^^^^^^^^^^^^^^^^^^^^^^^
    |
    = note: this error originates in the macro `$crate::sqlx_macros::expand_query` which comes from the expansion of the macro `sqlx::query_scalar` (in Nightly builds, run with -Z macro-backtrace for more info)

error: set `DATABASE_URL` to use query macros online, or run `cargo sqlx prepare` to update the query cache
   --> backend/src/services/business_metrics.rs:271:13
    |
271 |             sqlx::query_scalar!(r#"SELECT MAX(recorded_at) as "max!" FROM business_metrics"#)
    |             ^^^^^^^^^^^^^^^^^^^^^^^^^^^^^^^^^^^^^^^^^^^^^^^^^^^^^^^^^^^^^^^^^^^^^^^^^^^^^^^^^
    |
    = note: this error originates in the macro `$crate::sqlx_macros::expand_query` which comes from the expansion of the macro `sqlx::query_scalar` (in Nightly builds, run with -Z macro-backtrace for more info)

error: set `DATABASE_URL` to use query macros online, or run `cargo sqlx prepare` to update the query cache
   --> backend/src/services/business_metrics.rs:276:20
    |
276 |           let rows = sqlx::query!(
    |  ____________________^
277 | |             r#"SELECT category as "category!: MetricCategory", COUNT(*) as "count!: i64" FROM business_metrics GROUP BY category"#
278 | |         )
    | |_________^
    |
    = note: this error originates in the macro `$crate::sqlx_macros::expand_query` which comes from the expansion of the macro `sqlx::query` (in Nightly builds, run with -Z macro-backtrace for more info)

error: set `DATABASE_URL` to use query macros online, or run `cargo sqlx prepare` to update the query cache
   --> backend/src/services/business_metrics.rs:307:22
    |
307 |           let result = sqlx::query_scalar!(
    |  ______________________^
308 | |             r#"SELECT SUM(value) as "sum!: Decimal" FROM business_metrics WHERE name = $1 AND recorded_at >= $2 AND recorded_at <= $3"#,
309 | |             name,
310 | |             from,
311 | |             to,
312 | |         )
    | |_________^
    |
    = note: this error originates in the macro `$crate::sqlx_macros::expand_query` which comes from the expansion of the macro `sqlx::query_scalar` (in Nightly builds, run with -Z macro-backtrace for more info)

error: set `DATABASE_URL` to use query macros online, or run `cargo sqlx prepare` to update the query cache
   --> backend/src/services/business_metrics.rs:334:22
    |
334 |           let metric = sqlx::query_as!(
    |  ______________________^
335 | |             BusinessMetric,
336 | |             r#"
337 | |             SELECT id, name, value, unit, category as "category: _", tags as "tags: _", recorded_at, source as "source: _"
...   |
343 | |             name,
344 | |         )
    | |_________^
    |
    = note: this error originates in the macro `$crate::sqlx_macros::expand_query` which comes from the expansion of the macro `sqlx::query_as` (in Nightly builds, run with -Z macro-backtrace for more info)

error: set `DATABASE_URL` to use query macros online, or run `cargo sqlx prepare` to update the query cache
   --> backend/src/services/business_metrics.rs:357:23
    |
357 |           let deleted = sqlx::query!(
    |  _______________________^
358 | |             r#"DELETE FROM business_metrics WHERE recorded_at < $1"#,
359 | |             cutoff,
360 | |         )
    | |_________^
    |
    = note: this error originates in the macro `$crate::sqlx_macros::expand_query` which comes from the expansion of the macro `sqlx::query` (in Nightly builds, run with -Z macro-backtrace for more info)

error: set `DATABASE_URL` to use query macros online, or run `cargo sqlx prepare` to update the query cache
  --> backend/src/workers/job_history.rs:37:5
   |
37 | /     sqlx::query!(
38 | |         r#"
39 | |         INSERT INTO job_runs (id, job_name, started_at, status)
40 | |         VALUES ($1, $2, NOW(), 'running')
...  |
43 | |         job_name
44 | |     )
   | |_____^
   |
   = note: this error originates in the macro `$crate::sqlx_macros::expand_query` which comes from the expansion of the macro `sqlx::query` (in Nightly builds, run with -Z macro-backtrace for more info)

error: set `DATABASE_URL` to use query macros online, or run `cargo sqlx prepare` to update the query cache
  --> backend/src/workers/job_history.rs:53:5
   |
53 | /     sqlx::query!(
54 | |         r#"
55 | |         UPDATE job_runs
56 | |         SET status = 'succeeded', finished_at = NOW(), duration_ms = $2
...  |
60 | |         duration_ms
61 | |     )
   | |_____^
   |
   = note: this error originates in the macro `$crate::sqlx_macros::expand_query` which comes from the expansion of the macro `sqlx::query` (in Nightly builds, run with -Z macro-backtrace for more info)

error: set `DATABASE_URL` to use query macros online, or run `cargo sqlx prepare` to update the query cache
  --> backend/src/workers/job_history.rs:75:5
   |
75 | /     sqlx::query!(
76 | |         r#"
77 | |         UPDATE job_runs
78 | |         SET status = 'failed', finished_at = NOW(), duration_ms = $2, error_message = $3
...  |
83 | |         error
84 | |     )
   | |_____^
   |
   = note: this error originates in the macro `$crate::sqlx_macros::expand_query` which comes from the expansion of the macro `sqlx::query` (in Nightly builds, run with -Z macro-backtrace for more info)

error: set `DATABASE_URL` to use query macros online, or run `cargo sqlx prepare` to update the query cache
   --> backend/src/workers/job_history.rs:93:5
    |
 93 | /     sqlx::query!(
 94 | |         r#"
 95 | |         UPDATE job_runs
 96 | |         SET status = 'timed_out', finished_at = NOW(), duration_ms = $2, error_message = 'Job execution timed out'
...   |
100 | |         duration_ms
101 | |     )
    | |_____^
    |
    = note: this error originates in the macro `$crate::sqlx_macros::expand_query` which comes from the expansion of the macro `sqlx::query` (in Nightly builds, run with -Z macro-backtrace for more info)

error: set `DATABASE_URL` to use query macros online, or run `cargo sqlx prepare` to update the query cache
   --> backend/src/workers/job_history.rs:114:16
    |
114 |       let runs = sqlx::query_as!(
    |  ________________^
115 | |         JobRun,
116 | |         r#"
117 | |         SELECT id, job_name, started_at, finished_at, status AS "status: JobRunStatus", error_message, duration_ms
...   |
124 | |         limit
125 | |     )
    | |_____^
    |
    = note: this error originates in the macro `$crate::sqlx_macros::expand_query` which comes from the expansion of the macro `sqlx::query_as` (in Nightly builds, run with -Z macro-backtrace for more info)

error: set `DATABASE_URL` to use query macros online, or run `cargo sqlx prepare` to update the query cache
   --> backend/src/workers/job_history.rs:135:18
    |
135 |       let result = sqlx::query!(
    |  __________________^
136 | |         r#"
137 | |         DELETE FROM job_runs
138 | |         WHERE started_at < NOW() - INTERVAL '1 day' * $1
139 | |         "#,
140 | |         retain_days as f64
141 | |     )
    | |_____^
    |
    = note: this error originates in the macro `$crate::sqlx_macros::expand_query` which comes from the expansion of the macro `sqlx::query` (in Nightly builds, run with -Z macro-backtrace for more info)

error[E0255]: the name `LogEntry` is defined multiple times
   --> backend/src/services/log_alerts.rs:205:5
    |
 91 | pub struct LogEntry {
    | ------------------- previous definition of the type `LogEntry` here
...
205 | use crate::services::log_aggregator::LogEntry;
    |     ^^^^^^^^^^^^^^^^^^^^^^^^^^^^^^^^^^^^^^^^^ `LogEntry` reimported here
    |
    = note: `LogEntry` must be defined only once in the type namespace of this module
help: you can use `as` to change the binding name of the import
    |
205 | use crate::services::log_aggregator::LogEntry as OtherLogEntry;
    |                                               ++++++++++++++++

warning: unused import: `sqlx::PgPool`
  --> backend/src/api/handlers/profiling.rs:14:5
   |
14 | use sqlx::PgPool;
   |     ^^^^^^^^^^^^
   |
   = note: `#[warn(unused_imports)]` (part of `#[warn(unused)]`) on by default

warning: unused import: `CompilationResult`
 --> backend/src/api/handlers/contracts.rs:7:36
  |
7 | use crate::services::compilation::{CompilationResult, CompilationService};
  |                                    ^^^^^^^^^^^^^^^^^

warning: unused import: `DependencyAnalysis`
 --> backend/src/api/handlers/contracts.rs:8:44
  |
8 | use crate::services::dependency_analyzer::{DependencyAnalysis, DependencyAnalyzer};
  |                                            ^^^^^^^^^^^^^^^^^^

warning: unused import: `ContractCallLog`
 --> backend/src/api/handlers/admin.rs:8:65
  |
8 | use crate::services::contract_call_logger::{ContractCallLogger, ContractCallLog};
  |                                                                 ^^^^^^^^^^^^^^^

warning: unused import: `Response`
 --> backend/src/api/middleware/logging.rs:5:21
  |
5 |     http::{Request, Response},
  |                     ^^^^^^^^

warning: unused import: `serde_json::json`
  --> backend/src/error.rs:12:5
   |
12 | use serde_json::json;
   |     ^^^^^^^^^^^^^^^^

warning: unused import: `warn`
 --> backend/src/services/business_metrics.rs:8:40
  |
8 | use tracing::{error, info, instrument, warn};
  |                                        ^^^^

warning: unused import: `crate::services::log_aggregator::LogEntry`
   --> backend/src/services/log_alerts.rs:205:5
    |
205 | use crate::services::log_aggregator::LogEntry;
    |     ^^^^^^^^^^^^^^^^^^^^^^^^^^^^^^^^^^^^^^^^^

warning: unused imports: `error` and `warn`
  --> backend/src/services/sys_metrics.rs:43:22
   |
43 | use tracing::{debug, error, info, warn};
   |                      ^^^^^        ^^^^

warning: unused import: `std::time::Duration`
  --> backend/src/services/tracing.rs:15:5
   |
15 | use std::time::Duration;
   |     ^^^^^^^^^^^^^^^^^^^

warning: unused import: `std::sync::Arc`
 --> backend/src/workers/cache_warm.rs:3:5
  |
3 | use std::sync::Arc;
  |     ^^^^^^^^^^^^^^

warning: unused import: `warn`
 --> backend/src/workers/cache_warm.rs:5:28
  |
5 | use tracing::{error, info, warn};
  |                            ^^^^

warning: unused import: `std::sync::Arc`
 --> backend/src/workers/health.rs:4:5
  |
4 | use std::sync::Arc;
  |     ^^^^^^^^^^^^^^

warning: unused import: `warn`
 --> backend/src/workers/health.rs:6:35
  |
6 | use tracing::{debug, error, info, warn};
  |                                   ^^^^

warning: unused import: `std::sync::Arc`
 --> backend/src/workers/progress.rs:4:5
  |
4 | use std::sync::Arc;
  |     ^^^^^^^^^^^^^^

warning: unused import: `warn`
 --> backend/src/workers/progress.rs:6:35
  |
6 | use tracing::{debug, error, info, warn};
  |                                   ^^^^

warning: use of deprecated method `redis::Client::get_async_connection`: aio::Connection is deprecated. Use client::get_multiplexed_async_connection instead.
  --> backend/src/api/handlers/errors.rs:41:32
   |
41 |     let mut redis_conn = redis.get_async_connection().await.map_err(AppError::from)?;
   |                                ^^^^^^^^^^^^^^^^^^^^
   |
   = note: `#[warn(deprecated)]` on by default

error[E0308]: mismatched types
  --> backend/src/api/handlers/errors.rs:71:17
   |
71 |       let _: () = redis_conn
   |  _________________^
72 | |         .set_ex(
73 | |             "build_error_analytics",
74 | |             serde_json::to_string(&analytics).unwrap(),
...  |
77 | |         .await;
   | |______________^ expected `()`, found `Result<_, RedisError>`
   |
   = note: expected unit type `()`
                   found enum `std::result::Result<_, RedisError>`
help: consider using `Result::expect` to unwrap the `std::result::Result<_, RedisError>` value, panicking if the value is a `Result::Err`
   |
77 |         .await.expect("REASON");
   |               +++++++++++++++++

warning: use of deprecated method `redis::Client::get_async_connection`: aio::Connection is deprecated. Use client::get_multiplexed_async_connection instead.
  --> backend/src/api/handlers/admin.rs:39:39
   |
39 |     let redis_connected = state.redis.get_async_connection().await.is_ok();
   |                                       ^^^^^^^^^^^^^^^^^^^^

error[E0277]: `impl Into<String>` doesn't implement `std::fmt::Debug`
   --> backend/src/services/business_metrics.rs:95:5
    |
 95 |     #[instrument(skip(self), fields(metric_name = %name))]
    |     ^^^^^^^^^^^^^^^^^^^^^^^^^^^^^^^^^^^^^^^^^^^^^^^^^^^^^^ the trait `std::fmt::Debug` is not implemented for `impl Into<String>`
    |
    = note: required for `&impl Into<String>` to implement `std::fmt::Debug`
note: required by a bound in `debug`
   --> /Users/backenddevopsdeveloper/.cargo/registry/src/index.crates.io-1949cf8c6b5b557f/tracing-core-0.1.36/src/field.rs:379:8
    |
377 | pub fn debug<T>(t: T) -> DebugValue<T>
    |        ----- required by a bound in this function
378 | where
379 |     T: fmt::Debug,
    |        ^^^^^^^^^^ required by this bound in `debug`
    = note: this error originates in the attribute macro `instrument` (in Nightly builds, run with -Z macro-backtrace for more info)
help: consider restricting opaque type `impl Into<String>` with trait `Debug`
    |
 98 |         name: impl Into<String> + std::fmt::Debug,
    |                                 +++++++++++++++++

error[E0277]: `impl Into<String>` doesn't implement `std::fmt::Display`
   --> backend/src/services/business_metrics.rs:95:5
    |
 95 |     #[instrument(skip(self), fields(metric_name = %name))]
    |     ^^^^^^^^^^^^^^^^^^^^^^^^^^^^^^^^^^^^^^^^^^^^^^^^^^^^^^
    |     |
    |     the trait `std::fmt::Display` is not implemented for `impl Into<String>`
    |     required by a bound introduced by this call
    |
    = note: required for `&impl Into<String>` to implement `std::fmt::Display`
note: required by a bound in `display`
   --> /Users/backenddevopsdeveloper/.cargo/registry/src/index.crates.io-1949cf8c6b5b557f/tracing-core-0.1.36/src/field.rs:370:8
    |
368 | pub fn display<T>(t: T) -> DisplayValue<T>
    |        ------- required by a bound in this function
369 | where
370 |     T: fmt::Display,
    |        ^^^^^^^^^^^^ required by this bound in `display`
    = note: this error originates in the macro `$crate::valueset_all` which comes from the expansion of the attribute macro `instrument` (in Nightly builds, run with -Z macro-backtrace for more info)
help: consider restricting opaque type `impl Into<String>` with trait `Display`
    |
 98 |         name: impl Into<String> + std::fmt::Display,
    |                                 +++++++++++++++++++

error[E0277]: `impl Into<String>` doesn't implement `std::fmt::Display`
   --> backend/src/services/business_metrics.rs:95:5
    |
 95 |     #[instrument(skip(self), fields(metric_name = %name))]
    |     ^^^^^^^^^^^^^^^^^^^^^^^^^^^^^^^^^^^^^^^^^^^^^^^^^^^^^^ the trait `std::fmt::Display` is not implemented for `impl Into<String>`
    |
    = note: required for `&impl Into<String>` to implement `std::fmt::Display`
note: required by a bound in `DisplayValue`
   --> /Users/backenddevopsdeveloper/.cargo/registry/src/index.crates.io-1949cf8c6b5b557f/tracing-core-0.1.36/src/field.rs:360:28
    |
360 | pub struct DisplayValue<T: fmt::Display>(T);
    |                            ^^^^^^^^^^^^ required by this bound in `DisplayValue`
    = note: this error originates in the macro `$crate::valueset_all` which comes from the expansion of the attribute macro `instrument` (in Nightly builds, run with -Z macro-backtrace for more info)
help: consider restricting opaque type `impl Into<String>` with trait `Display`
    |
 98 |         name: impl Into<String> + std::fmt::Display,
    |                                 +++++++++++++++++++

error[E0282]: type annotations needed
   --> backend/src/services/business_metrics.rs:110:9
    |
110 | /         sqlx::query_as!(
111 | |             BusinessMetric,
112 | |             r#"
113 | |             INSERT INTO business_metrics (id, name, value, unit, category, tags, recorded_at, source)
...   |
126 | |         .fetch_one(&self.db)
127 | |         .await
    | |______________^ cannot infer type

error[E0277]: `impl Into<String>` doesn't implement `std::fmt::Debug`
  --> backend/src/services/business_metrics.rs:95:5
   |
95 |     #[instrument(skip(self), fields(metric_name = %name))]
   |     ^^^^^^^^^^^^^^^^^^^^^^^^^^^^^^^^^^^^^^^^^^^^^^^^^^^^^^ the trait `std::fmt::Debug` is not implemented for `impl Into<String>`
   |
   = note: required for `&impl Into<String>` to implement `std::fmt::Debug`
   = note: required for `DebugValue<&impl Into<String>>` to implement `tracing::Value`
   = note: required for the cast from `&DebugValue<&impl Into<String>>` to `&dyn tracing::Value`
   = note: this error originates in the macro `$crate::valueset_all` which comes from the expansion of the attribute macro `instrument` (in Nightly builds, run with -Z macro-backtrace for more info)
help: consider restricting opaque type `impl Into<String>` with trait `Debug`
   |
98 |         name: impl Into<String> + std::fmt::Debug,
   |                                 +++++++++++++++++

error[E0277]: `impl Into<String>` doesn't implement `std::fmt::Display`
  --> backend/src/services/business_metrics.rs:95:5
   |
95 |     #[instrument(skip(self), fields(metric_name = %name))]
   |     ^^^^^^^^^^^^^^^^^^^^^^^^^^^^^^^^^^^^^^^^^^^^^^^^^^^^^^ the trait `std::fmt::Display` is not implemented for `impl Into<String>`
   |
   = note: required for `&impl Into<String>` to implement `std::fmt::Display`
   = note: required for `DisplayValue<&impl Into<String>>` to implement `tracing::Value`
   = note: required for the cast from `&DisplayValue<&impl Into<String>>` to `&dyn tracing::Value`
   = note: this error originates in the macro `$crate::valueset_all` which comes from the expansion of the attribute macro `instrument` (in Nightly builds, run with -Z macro-backtrace for more info)
help: consider restricting opaque type `impl Into<String>` with trait `Display`
   |
98 |         name: impl Into<String> + std::fmt::Display,
   |                                 +++++++++++++++++++

error[E0282]: type annotations needed
   --> backend/src/services/business_metrics.rs:185:13
    |
185 | /             sqlx::query!(
186 | |                 r#"
187 | |                 INSERT INTO business_metrics (id, name, value, unit, category, tags, recorded_at, source)
188 | |                 VALUES ($1, $2, $3, $4, $5, $6, $7, $8)
...   |
198 | |             .execute(&mut *tx)
199 | |             .await
    | |__________________^ cannot infer type

error[E0282]: type annotations needed
   --> backend/src/services/business_metrics.rs:236:13
    |
236 | /             sqlx::query_scalar!(r#"SELECT COUNT(*) as "count!" FROM business_metrics WHERE 1=1"#)
237 | |                 .fetch_one(&self.db)
238 | |                 .await
    | |______________________^ cannot infer type

error[E0282]: type annotations needed
   --> backend/src/services/business_metrics.rs:242:23
    |
242 |           let metrics = sqlx::query_as!(
    |  _______________________^
243 | |             BusinessMetric,
244 | |             r#"
245 | |             SELECT id, name, value, unit, category as "category: _", tags as "tags: _", recorded_at, source as "source: _"
...   |
253 | |         .fetch_all(&self.db)
254 | |         .await
    | |______________^ cannot infer type

error[E0282]: type annotations needed
   --> backend/src/services/business_metrics.rs:264:13
    |
264 | /             sqlx::query_scalar!(r#"SELECT COUNT(*) as "count!" FROM business_metrics"#)
265 | |                 .fetch_one(&self.db)
266 | |                 .await
    | |______________________^ cannot infer type

error[E0282]: type annotations needed
   --> backend/src/services/business_metrics.rs:271:13
    |
271 | /             sqlx::query_scalar!(r#"SELECT MAX(recorded_at) as "max!" FROM business_metrics"#)
272 | |                 .fetch_one(&self.db)
273 | |                 .await
    | |______________________^ cannot infer type

error[E0282]: type annotations needed
   --> backend/src/services/business_metrics.rs:276:20
    |
276 |           let rows = sqlx::query!(
    |  ____________________^
277 | |             r#"SELECT category as "category!: MetricCategory", COUNT(*) as "count!: i64" FROM business_metrics GROUP BY category"#
278 | |         )
279 | |         .fetch_all(&self.db)
280 | |         .await
    | |______________^ cannot infer type

error[E0282]: type annotations needed
   --> backend/src/services/business_metrics.rs:307:22
    |
307 |           let result = sqlx::query_scalar!(
    |  ______________________^
308 | |             r#"SELECT SUM(value) as "sum!: Decimal" FROM business_metrics WHERE name = $1 AND recorded_at >= $2 AND recorded_at <= $3"#,
309 | |             name,
310 | |             from,
...   |
313 | |         .fetch_one(&self.db)
314 | |         .await
    | |______________^ cannot infer type

error[E0282]: type annotations needed
   --> backend/src/services/business_metrics.rs:334:22
    |
334 |           let metric = sqlx::query_as!(
    |  ______________________^
335 | |             BusinessMetric,
336 | |             r#"
337 | |             SELECT id, name, value, unit, category as "category: _", tags as "tags: _", recorded_at, source as "source: _"
...   |
345 | |         .fetch_optional(&self.db)
346 | |         .await
    | |______________^ cannot infer type

error[E0282]: type annotations needed
   --> backend/src/services/business_metrics.rs:357:23
    |
357 |           let deleted = sqlx::query!(
    |  _______________________^
358 | |             r#"DELETE FROM business_metrics WHERE recorded_at < $1"#,
359 | |             cutoff,
...   |
362 | |         .await
    | |______________^ cannot infer type

warning: use of deprecated method `redis::Client::get_async_connection`: aio::Connection is deprecated. Use client::get_multiplexed_async_connection instead.
   --> backend/src/services/log_alerts.rs:120:40
    |
120 |             let mut conn = state.redis.get_async_connection().await?;
    |                                        ^^^^^^^^^^^^^^^^^^^^

error[E0609]: no field `timestamp` on type `&log_alerts::LogEntry`
   --> backend/src/services/log_alerts.rs:410:35
    |
410 |             state.hits.push(entry.timestamp);
    |                                   ^^^^^^^^^ unknown field
    |
    = note: available fields are: `message`, `level`

error[E0107]: method takes 1 generic argument but 2 generic arguments were supplied
   --> backend/src/services/dedup.rs:460:10
    |
460 |         .invoke_async::<_, i32>(&mut conn)
    |          ^^^^^^^^^^^^    ----- help: remove the unnecessary generic argument
    |          |
    |          expected 1 generic argument
    |
note: method defined here, with 1 generic parameter: `T`
   --> /Users/backenddevopsdeveloper/.cargo/registry/src/index.crates.io-1949cf8c6b5b557f/redis-0.27.6/src/script.rs:162:18
    |
162 |     pub async fn invoke_async<T: FromRedisValue>(
    |                  ^^^^^^^^^^^^ -
    = note: `impl Trait` cannot be explicitly specified as a generic argument

error[E0277]: the trait bound `i32: redis::aio::ConnectionLike` is not satisfied
   --> backend/src/services/dedup.rs:460:28
    |
460 |         .invoke_async::<_, i32>(&mut conn)
    |          ------------      ^^^ the trait `redis::aio::ConnectionLike` is not implemented for `i32`
    |          |
    |          required by a bound introduced by this call
    |
help: the following other types implement trait `redis::aio::ConnectionLike`
    |
   ::: /Users/backenddevopsdeveloper/.cargo/registry/src/index.crates.io-1949cf8c6b5b557f/redis-0.27.6/src/aio/connection_manager.rs:500:1
    |
500 |   impl ConnectionLike for ConnectionManager {
    |   ^^^^^^^^^^^^^^^^^^^^^^^^^^^^^^^^^^^^^^^^^ `ConnectionManager`
    |
   ::: /Users/backenddevopsdeveloper/.cargo/registry/src/index.crates.io-1949cf8c6b5b557f/redis-0.27.6/src/aio/multiplexed_connection.rs:573:1
    |
573 |   impl ConnectionLike for MultiplexedConnection {
    |   ^^^^^^^^^^^^^^^^^^^^^^^^^^^^^^^^^^^^^^^^^^^^^ `MultiplexedConnection`
   --> /Users/backenddevopsdeveloper/.cargo/registry/src/index.crates.io-1949cf8c6b5b557f/redis-0.27.6/src/aio/connection.rs:217:1
    |
217 | / impl<C> ConnectionLike for Connection<C>
218 | | where
219 | |     C: Unpin + AsyncRead + AsyncWrite + Send,
    | |_____________________________________________^ `redis::aio::Connection<C>`
note: required by a bound in `ScriptInvocation::<'a>::invoke_async`
   --> /Users/backenddevopsdeveloper/.cargo/registry/src/index.crates.io-1949cf8c6b5b557f/redis-0.27.6/src/script.rs:164:24
    |
162 |     pub async fn invoke_async<T: FromRedisValue>(
    |                  ------------ required by a bound in this associated function
163 |         &self,
164 |         con: &mut impl crate::aio::ConnectionLike,
    |                        ^^^^^^^^^^^^^^^^^^^^^^^^^^ required by this bound in `ScriptInvocation::<'a>::invoke_async`

error[E0308]: mismatched types
   --> backend/src/services/dedup.rs:460:33
    |
460 |         .invoke_async::<_, i32>(&mut conn)
    |          ---------------------- ^^^^^^^^^ expected `&mut i32`, found `&mut MultiplexedConnection`
    |          |
    |          arguments to this method are incorrect
    |
    = note: expected mutable reference `&mut i32`
               found mutable reference `&mut MultiplexedConnection`
note: method defined here
   --> /Users/backenddevopsdeveloper/.cargo/registry/src/index.crates.io-1949cf8c6b5b557f/redis-0.27.6/src/script.rs:162:18
    |
162 |     pub async fn invoke_async<T: FromRedisValue>(
    |                  ^^^^^^^^^^^^

error[E0277]: the trait bound `i32: redis::aio::ConnectionLike` is not satisfied
   --> backend/src/services/dedup.rs:450:9
    |
450 | /         redis::Script::new(
451 | |             r#"
452 | |             if redis.call("GET", KEYS[1]) == ARGV[1] then
453 | |                 return redis.call("DEL", KEYS[1])
...   |
459 | |         .arg(request_id.to_string())
460 | |         .invoke_async::<_, i32>(&mut conn)
    | |__________________________________________^ the trait `redis::aio::ConnectionLike` is not implemented for `i32`
    |
help: the following other types implement trait `redis::aio::ConnectionLike`
    |
   ::: /Users/backenddevopsdeveloper/.cargo/registry/src/index.crates.io-1949cf8c6b5b557f/redis-0.27.6/src/aio/connection_manager.rs:500:1
    |
500 |   impl ConnectionLike for ConnectionManager {
    |   ^^^^^^^^^^^^^^^^^^^^^^^^^^^^^^^^^^^^^^^^^ `ConnectionManager`
    |
   ::: /Users/backenddevopsdeveloper/.cargo/registry/src/index.crates.io-1949cf8c6b5b557f/redis-0.27.6/src/aio/multiplexed_connection.rs:573:1
    |
573 |   impl ConnectionLike for MultiplexedConnection {
    |   ^^^^^^^^^^^^^^^^^^^^^^^^^^^^^^^^^^^^^^^^^^^^^ `MultiplexedConnection`
   --> /Users/backenddevopsdeveloper/.cargo/registry/src/index.crates.io-1949cf8c6b5b557f/redis-0.27.6/src/aio/connection.rs:217:1
    |
217 | / impl<C> ConnectionLike for Connection<C>
218 | | where
219 | |     C: Unpin + AsyncRead + AsyncWrite + Send,
    | |_____________________________________________^ `redis::aio::Connection<C>`
note: required by a bound in `ScriptInvocation::<'a>::invoke_async`
   --> /Users/backenddevopsdeveloper/.cargo/registry/src/index.crates.io-1949cf8c6b5b557f/redis-0.27.6/src/script.rs:164:24
    |
162 |     pub async fn invoke_async<T: FromRedisValue>(
    |                  ------------ required by a bound in this associated function
163 |         &self,
164 |         con: &mut impl crate::aio::ConnectionLike,
    |                        ^^^^^^^^^^^^^^^^^^^^^^^^^^ required by this bound in `ScriptInvocation::<'a>::invoke_async`

error[E0277]: the trait bound `i32: redis::aio::ConnectionLike` is not satisfied
   --> backend/src/services/dedup.rs:461:10
    |
461 |         .await?;
    |          ^^^^^ the trait `redis::aio::ConnectionLike` is not implemented for `i32`
    |
help: the following other types implement trait `redis::aio::ConnectionLike`
    |
   ::: /Users/backenddevopsdeveloper/.cargo/registry/src/index.crates.io-1949cf8c6b5b557f/redis-0.27.6/src/aio/connection_manager.rs:500:1
    |
500 |   impl ConnectionLike for ConnectionManager {
    |   ^^^^^^^^^^^^^^^^^^^^^^^^^^^^^^^^^^^^^^^^^ `ConnectionManager`
    |
   ::: /Users/backenddevopsdeveloper/.cargo/registry/src/index.crates.io-1949cf8c6b5b557f/redis-0.27.6/src/aio/multiplexed_connection.rs:573:1
    |
573 |   impl ConnectionLike for MultiplexedConnection {
    |   ^^^^^^^^^^^^^^^^^^^^^^^^^^^^^^^^^^^^^^^^^^^^^ `MultiplexedConnection`
   --> /Users/backenddevopsdeveloper/.cargo/registry/src/index.crates.io-1949cf8c6b5b557f/redis-0.27.6/src/aio/connection.rs:217:1
    |
217 | / impl<C> ConnectionLike for Connection<C>
218 | | where
219 | |     C: Unpin + AsyncRead + AsyncWrite + Send,
    | |_____________________________________________^ `redis::aio::Connection<C>`
note: required by a bound in `ScriptInvocation::<'a>::invoke_async`
   --> /Users/backenddevopsdeveloper/.cargo/registry/src/index.crates.io-1949cf8c6b5b557f/redis-0.27.6/src/script.rs:164:24
    |
162 |     pub async fn invoke_async<T: FromRedisValue>(
    |                  ------------ required by a bound in this associated function
163 |         &self,
164 |         con: &mut impl crate::aio::ConnectionLike,
    |                        ^^^^^^^^^^^^^^^^^^^^^^^^^^ required by this bound in `ScriptInvocation::<'a>::invoke_async`

error: this function depends on never type fallback being `()`
   --> backend/src/services/dedup.rs:448:5
    |
448 |     async fn release_lock(&self, lock_key: &str, request_id: Uuid) -> Result<(), DedupError> {
    |     ^^^^^^^^^^^^^^^^^^^^^^^^^^^^^^^^^^^^^^^^^^^^^^^^^^^^^^^^^^^^^^^^^^^^^^^^^^^^^^^^^^^^^^^^
    |
    = warning: this was previously accepted by the compiler but is being phased out; it will become a hard error in Rust 2024 and in a future release in all editions!
    = note: for more information, see <https://doc.rust-lang.org/edition-guide/rust-2024/never-type-fallback.html>
    = help: specify the types explicitly
note: in edition 2024, the requirement `!: FromRedisValue` will fail
   --> backend/src/services/dedup.rs:460:25
    |
460 |         .invoke_async::<_, i32>(&mut conn)
    |                         ^
    = note: `#[deny(dependency_on_unit_never_type_fallback)]` (part of `#[deny(rust_2024_compatibility)]`) on by default
help: use `()` annotations to avoid fallback changes
    |
460 -         .invoke_async::<_, i32>(&mut conn)
460 +         .invoke_async::<(), i32>(&mut conn)
    |

error[E0277]: the trait bound `rust_decimal::Decimal: sqlx::Encode<'_, Postgres>` is not satisfied
   --> backend/src/services/sys_metrics.rs:219:15
    |
219 |         .bind(metric.cache_hit_rate)
    |          ---- ^^^^^^^^^^^^^^^^^^^^^ the trait `sqlx::Encode<'_, Postgres>` is not implemented for `rust_decimal::Decimal`
    |          |
    |          required by a bound introduced by this call
    |
    = help: the following other types implement trait `sqlx::Encode<'q, DB>`:
              `&'a str` implements `sqlx::Encode<'a, sqlx::Any>`
              `&'q [u8]` implements `sqlx::Encode<'q, sqlx::Any>`
              `&T` implements `sqlx::Encode<'q, DB>`
              `&[T]` implements `sqlx::Encode<'q, Postgres>`
              `&[u8]` implements `sqlx::Encode<'_, Postgres>`
              `&str` implements `sqlx::Encode<'_, Postgres>`
              `Box<[u8]>` implements `sqlx::Encode<'_, Postgres>`
              `Box<str>` implements `sqlx::Encode<'_, Postgres>`
            and 58 others
    = note: required for `std::option::Option<rust_decimal::Decimal>` to implement `sqlx::Encode<'_, Postgres>`
note: required by a bound in `sqlx::query::Query::<'q, DB, <DB as sqlx::Database>::Arguments<'q>>::bind`
   --> /Users/backenddevopsdeveloper/.cargo/registry/src/index.crates.io-1949cf8c6b5b557f/sqlx-core-0.8.6/src/query.rs:86:25
    |
 86 |     pub fn bind<T: 'q + Encode<'q, DB> + Type<DB>>(mut self, value: T) -> Self {
    |                         ^^^^^^^^^^^^^^ required by this bound in `Query::<'q, DB, <DB as Database>::Arguments<'q>>::bind`

error[E0277]: the trait bound `rust_decimal::Decimal: sqlx::Type<Postgres>` is not satisfied
   --> backend/src/services/sys_metrics.rs:219:15
    |
219 |         .bind(metric.cache_hit_rate)
    |          ---- ^^^^^^^^^^^^^^^^^^^^^ the trait `sqlx::Type<Postgres>` is not implemented for `rust_decimal::Decimal`
    |          |
    |          required by a bound introduced by this call
    |
    = help: the following other types implement trait `sqlx::Type<DB>`:
              `&T` implements `sqlx::Type<DB>`
              `()` implements `sqlx::Type<Postgres>`
              `(T1, T2)` implements `sqlx::Type<Postgres>`
              `(T1, T2, T3)` implements `sqlx::Type<Postgres>`
              `(T1, T2, T3, T4)` implements `sqlx::Type<Postgres>`
              `(T1, T2, T3, T4, T5)` implements `sqlx::Type<Postgres>`
              `(T1, T2, T3, T4, T5, T6)` implements `sqlx::Type<Postgres>`
              `(T1, T2, T3, T4, T5, T6, T7)` implements `sqlx::Type<Postgres>`
            and 67 others
    = note: required for `std::option::Option<rust_decimal::Decimal>` to implement `sqlx::Encode<'_, Postgres>`
note: required by a bound in `sqlx::query::Query::<'q, DB, <DB as sqlx::Database>::Arguments<'q>>::bind`
   --> /Users/backenddevopsdeveloper/.cargo/registry/src/index.crates.io-1949cf8c6b5b557f/sqlx-core-0.8.6/src/query.rs:86:25
    |
 86 |     pub fn bind<T: 'q + Encode<'q, DB> + Type<DB>>(mut self, value: T) -> Self {
    |                         ^^^^^^^^^^^^^^ required by this bound in `Query::<'q, DB, <DB as Database>::Arguments<'q>>::bind`

error[E0277]: the trait bound `rust_decimal::Decimal: sqlx::Encode<'_, Postgres>` is not satisfied
   --> backend/src/services/sys_metrics.rs:220:15
    |
220 |         .bind(metric.cpu_usage)
    |          ---- ^^^^^^^^^^^^^^^^ the trait `sqlx::Encode<'_, Postgres>` is not implemented for `rust_decimal::Decimal`
    |          |
    |          required by a bound introduced by this call
    |
    = help: the following other types implement trait `sqlx::Encode<'q, DB>`:
              `&'a str` implements `sqlx::Encode<'a, sqlx::Any>`
              `&'q [u8]` implements `sqlx::Encode<'q, sqlx::Any>`
              `&T` implements `sqlx::Encode<'q, DB>`
              `&[T]` implements `sqlx::Encode<'q, Postgres>`
              `&[u8]` implements `sqlx::Encode<'_, Postgres>`
              `&str` implements `sqlx::Encode<'_, Postgres>`
              `Box<[u8]>` implements `sqlx::Encode<'_, Postgres>`
              `Box<str>` implements `sqlx::Encode<'_, Postgres>`
            and 58 others
    = note: required for `std::option::Option<rust_decimal::Decimal>` to implement `sqlx::Encode<'_, Postgres>`
note: required by a bound in `sqlx::query::Query::<'q, DB, <DB as sqlx::Database>::Arguments<'q>>::bind`
   --> /Users/backenddevopsdeveloper/.cargo/registry/src/index.crates.io-1949cf8c6b5b557f/sqlx-core-0.8.6/src/query.rs:86:25
    |
 86 |     pub fn bind<T: 'q + Encode<'q, DB> + Type<DB>>(mut self, value: T) -> Self {
    |                         ^^^^^^^^^^^^^^ required by this bound in `Query::<'q, DB, <DB as Database>::Arguments<'q>>::bind`

error[E0277]: the trait bound `rust_decimal::Decimal: sqlx::Type<Postgres>` is not satisfied
   --> backend/src/services/sys_metrics.rs:220:15
    |
220 |         .bind(metric.cpu_usage)
    |          ---- ^^^^^^^^^^^^^^^^ the trait `sqlx::Type<Postgres>` is not implemented for `rust_decimal::Decimal`
    |          |
    |          required by a bound introduced by this call
    |
    = help: the following other types implement trait `sqlx::Type<DB>`:
              `&T` implements `sqlx::Type<DB>`
              `()` implements `sqlx::Type<Postgres>`
              `(T1, T2)` implements `sqlx::Type<Postgres>`
              `(T1, T2, T3)` implements `sqlx::Type<Postgres>`
              `(T1, T2, T3, T4)` implements `sqlx::Type<Postgres>`
              `(T1, T2, T3, T4, T5)` implements `sqlx::Type<Postgres>`
              `(T1, T2, T3, T4, T5, T6)` implements `sqlx::Type<Postgres>`
              `(T1, T2, T3, T4, T5, T6, T7)` implements `sqlx::Type<Postgres>`
            and 67 others
    = note: required for `std::option::Option<rust_decimal::Decimal>` to implement `sqlx::Encode<'_, Postgres>`
note: required by a bound in `sqlx::query::Query::<'q, DB, <DB as sqlx::Database>::Arguments<'q>>::bind`
   --> /Users/backenddevopsdeveloper/.cargo/registry/src/index.crates.io-1949cf8c6b5b557f/sqlx-core-0.8.6/src/query.rs:86:25
    |
 86 |     pub fn bind<T: 'q + Encode<'q, DB> + Type<DB>>(mut self, value: T) -> Self {
    |                         ^^^^^^^^^^^^^^ required by this bound in `Query::<'q, DB, <DB as Database>::Arguments<'q>>::bind`

error[E0277]: the trait bound `str: sqlx::Decode<'_, Postgres>` is not satisfied
   --> backend/src/services/sys_metrics.rs:283:10
    |
283 |         .fetch_all(&self.db)
    |          ^^^^^^^^^ the trait `sqlx::Decode<'_, Postgres>` is not implemented for `str`
    |
help: the following other types implement trait `sqlx::Decode<'r, DB>`
   --> /Users/backenddevopsdeveloper/.cargo/registry/src/index.crates.io-1949cf8c6b5b557f/sqlx-postgres-0.8.6/src/types/str.rs:126:1
    |
126 | impl<'r> Decode<'r, Postgres> for &'r str {
    | ^^^^^^^^^^^^^^^^^^^^^^^^^^^^^^^^^^^^^^^^^ `&str` implements `sqlx::Decode<'_, Postgres>`
    |
   ::: /Users/backenddevopsdeveloper/.cargo/registry/src/index.crates.io-1949cf8c6b5b557f/sqlx-core-0.8.6/src/any/types/str.rs:35:1
    |
 35 | impl<'a> Decode<'a, Any> for &'a str {
    | ^^^^^^^^^^^^^^^^^^^^^^^^^^^^^^^^^^^^ `&str` implements `sqlx::Decode<'_, sqlx::Any>`
    = note: required for `(uuid::Uuid, std::string::String, std::string::String, str, _, _, _, _, _, _)` to implement `for<'r> FromRow<'r, PgRow>`
note: required by a bound in `QueryAs::<'q, DB, O, A>::fetch_all`
   --> /Users/backenddevopsdeveloper/.cargo/registry/src/index.crates.io-1949cf8c6b5b557f/sqlx-core-0.8.6/src/query_as.rs:86:23
    |
 86 |     O: Send + Unpin + for<'r> FromRow<'r, DB::Row>,
    |                       ^^^^^^^^^^^^^^^^^^^^^^^^^^^^ required by this bound in `QueryAs::<'q, DB, O, A>::fetch_all`
...
137 |     pub async fn fetch_all<'e, 'c: 'e, E>(self, executor: E) -> Result<Vec<O>, Error>
    |                  --------- required by a bound in this associated function

error[E0277]: the trait bound `str: sqlx::Decode<'_, Postgres>` is not satisfied
   --> backend/src/services/sys_metrics.rs:283:10
    |
283 |         .fetch_all(&self.db)
    |          ^^^^^^^^^ the trait `sqlx::Decode<'_, Postgres>` is not implemented for `str`
    |
help: the following other types implement trait `sqlx::Decode<'r, DB>`
   --> /Users/backenddevopsdeveloper/.cargo/registry/src/index.crates.io-1949cf8c6b5b557f/sqlx-postgres-0.8.6/src/types/str.rs:126:1
    |
126 | impl<'r> Decode<'r, Postgres> for &'r str {
    | ^^^^^^^^^^^^^^^^^^^^^^^^^^^^^^^^^^^^^^^^^ `&str` implements `sqlx::Decode<'_, Postgres>`
    |
   ::: /Users/backenddevopsdeveloper/.cargo/registry/src/index.crates.io-1949cf8c6b5b557f/sqlx-core-0.8.6/src/any/types/str.rs:35:1
    |
 35 | impl<'a> Decode<'a, Any> for &'a str {
    | ^^^^^^^^^^^^^^^^^^^^^^^^^^^^^^^^^^^^ `&str` implements `sqlx::Decode<'_, sqlx::Any>`
    = note: required for `(uuid::Uuid, std::string::String, std::string::String, str, _, _, _, _, _, _)` to implement `for<'r> FromRow<'r, PgRow>`
note: required by a bound in `QueryAs<'q, DB, O, A>`
   --> /Users/backenddevopsdeveloper/.cargo/registry/src/index.crates.io-1949cf8c6b5b557f/sqlx-core-0.8.6/src/query_as.rs:86:23
    |
 86 |     O: Send + Unpin + for<'r> FromRow<'r, DB::Row>,
    |                       ^^^^^^^^^^^^^^^^^^^^^^^^^^^^ required by this bound in `QueryAs<'q, DB, O, A>`

error[E0277]: the trait bound `str: sqlx::Decode<'_, Postgres>` is not satisfied
   --> backend/src/services/sys_metrics.rs:271:20
    |
271 |           let rows = sqlx::query_as(
    |  ____________________^
272 | |             r#"
273 | |             SELECT id, project_name, build_id, build_status, compilation_time_ms,
274 | |                    dependency_count, cache_hit_rate, cpu_usage, memory_usage_mb, build_timestamp
...   |
282 | |         .bind(limit)
283 | |         .fetch_all(&self.db)
    | |____________________________^ the trait `sqlx::Decode<'_, Postgres>` is not implemented for `str`
    |
help: the following other types implement trait `sqlx::Decode<'r, DB>`
   --> /Users/backenddevopsdeveloper/.cargo/registry/src/index.crates.io-1949cf8c6b5b557f/sqlx-postgres-0.8.6/src/types/str.rs:126:1
    |
126 | impl<'r> Decode<'r, Postgres> for &'r str {
    | ^^^^^^^^^^^^^^^^^^^^^^^^^^^^^^^^^^^^^^^^^ `&str` implements `sqlx::Decode<'_, Postgres>`
    |
   ::: /Users/backenddevopsdeveloper/.cargo/registry/src/index.crates.io-1949cf8c6b5b557f/sqlx-core-0.8.6/src/any/types/str.rs:35:1
    |
 35 | impl<'a> Decode<'a, Any> for &'a str {
    | ^^^^^^^^^^^^^^^^^^^^^^^^^^^^^^^^^^^^ `&str` implements `sqlx::Decode<'_, sqlx::Any>`
    = note: required for `(uuid::Uuid, std::string::String, std::string::String, str, _, _, _, _, _, _)` to implement `for<'r> FromRow<'r, PgRow>`
note: required by a bound in `QueryAs<'q, DB, O, A>`
   --> /Users/backenddevopsdeveloper/.cargo/registry/src/index.crates.io-1949cf8c6b5b557f/sqlx-core-0.8.6/src/query_as.rs:86:23
    |
 86 |     O: Send + Unpin + for<'r> FromRow<'r, DB::Row>,
    |                       ^^^^^^^^^^^^^^^^^^^^^^^^^^^^ required by this bound in `QueryAs<'q, DB, O, A>`

error[E0277]: the trait bound `str: sqlx::Decode<'_, Postgres>` is not satisfied
   --> backend/src/services/sys_metrics.rs:271:20
    |
271 |           let rows = sqlx::query_as(
    |  ____________________^
272 | |             r#"
273 | |             SELECT id, project_name, build_id, build_status, compilation_time_ms,
274 | |                    dependency_count, cache_hit_rate, cpu_usage, memory_usage_mb, build_timestamp
...   |
279 | |             "#,
280 | |         )
    | |_________^ the trait `sqlx::Decode<'_, Postgres>` is not implemented for `str`
    |
help: the following other types implement trait `sqlx::Decode<'r, DB>`
   --> /Users/backenddevopsdeveloper/.cargo/registry/src/index.crates.io-1949cf8c6b5b557f/sqlx-postgres-0.8.6/src/types/str.rs:126:1
    |
126 | impl<'r> Decode<'r, Postgres> for &'r str {
    | ^^^^^^^^^^^^^^^^^^^^^^^^^^^^^^^^^^^^^^^^^ `&str` implements `sqlx::Decode<'_, Postgres>`
    |
   ::: /Users/backenddevopsdeveloper/.cargo/registry/src/index.crates.io-1949cf8c6b5b557f/sqlx-core-0.8.6/src/any/types/str.rs:35:1
    |
 35 | impl<'a> Decode<'a, Any> for &'a str {
    | ^^^^^^^^^^^^^^^^^^^^^^^^^^^^^^^^^^^^ `&str` implements `sqlx::Decode<'_, sqlx::Any>`
    = note: required for `(uuid::Uuid, std::string::String, std::string::String, str, _, _, _, _, _, _)` to implement `for<'r> FromRow<'r, PgRow>`
note: required by a bound in `sqlx::query_as`
   --> /Users/backenddevopsdeveloper/.cargo/registry/src/index.crates.io-1949cf8c6b5b557f/sqlx-core-0.8.6/src/query_as.rs:345:8
    |
342 | pub fn query_as<'q, DB, O>(sql: &'q str) -> QueryAs<'q, DB, O, <DB as Database>::Arguments<'q>>
    |        -------- required by a bound in this function
...
345 |     O: for<'r> FromRow<'r, DB::Row>,
    |        ^^^^^^^^^^^^^^^^^^^^^^^^^^^^ required by this bound in `query_as`

error[E0277]: the size for values of type `str` cannot be known at compilation time
   --> backend/src/services/sys_metrics.rs:293:21
    |
293 |                     status_str,
    |                     ^^^^^^^^^^ doesn't have a size known at compile-time
    |
    = help: the trait `Sized` is not implemented for `str`
    = note: all local variables must have a statically known size

error[E0277]: the size for values of type `str` cannot be known at compilation time
   --> backend/src/services/sys_metrics.rs:286:41
    |
286 |           let metrics: Vec<BuildMetric> = rows
    |  _________________________________________^
287 | |             .into_iter()
288 | |             .map(
289 | |                 |(
...   |
314 | |                 },
315 | |             )
    | |_____________^ doesn't have a size known at compile-time
    |
    = help: the trait `Sized` is not implemented for `str`
    = note: only the last element of a tuple may have a dynamically sized type

error[E0277]: the size for values of type `str` cannot be known at compilation time
   --> backend/src/services/sys_metrics.rs:286:41
    |
286 |           let metrics: Vec<BuildMetric> = rows
    |  _________________________________________^
287 | |             .into_iter()
    | |________________________^ doesn't have a size known at compile-time
    |
    = help: the trait `Sized` is not implemented for `str`
    = note: only the last element of a tuple may have a dynamically sized type

error[E0277]: the size for values of type `str` cannot be known at compilation time
   --> backend/src/services/sys_metrics.rs:271:20
    |
271 |           let rows = sqlx::query_as(
    |  ____________________^
272 | |             r#"
273 | |             SELECT id, project_name, build_id, build_status, compilation_time_ms,
274 | |                    dependency_count, cache_hit_rate, cpu_usage, memory_usage_mb, build_timestamp
...   |
283 | |         .fetch_all(&self.db)
284 | |         .await?;
    | |______________^ doesn't have a size known at compile-time
    |
    = help: the trait `Sized` is not implemented for `str`
    = note: only the last element of a tuple may have a dynamically sized type

error[E0277]: the size for values of type `str` cannot be known at compilation time
   --> backend/src/services/sys_metrics.rs:271:20
    |
271 |           let rows = sqlx::query_as(
    |  ____________________^
272 | |             r#"
273 | |             SELECT id, project_name, build_id, build_status, compilation_time_ms,
274 | |                    dependency_count, cache_hit_rate, cpu_usage, memory_usage_mb, build_timestamp
...   |
281 | |         .bind(project_name)
    | |___________________________^ doesn't have a size known at compile-time
    |
    = help: the trait `Sized` is not implemented for `str`
    = note: only the last element of a tuple may have a dynamically sized type

error[E0277]: the size for values of type `str` cannot be known at compilation time
   --> backend/src/services/sys_metrics.rs:271:20
    |
271 |         let rows = sqlx::query_as(
    |                    ^^^^^^^^^^^^^^ doesn't have a size known at compile-time
    |
    = help: the trait `Sized` is not implemented for `str`
    = note: only the last element of a tuple may have a dynamically sized type

error[E0277]: the trait bound `rust_decimal::Decimal: sqlx::Decode<'_, Postgres>` is not satisfied
   --> backend/src/services/sys_metrics.rs:283:10
    |
283 |         .fetch_all(&self.db)
    |          ^^^^^^^^^ the trait `sqlx::Decode<'_, Postgres>` is not implemented for `rust_decimal::Decimal`
    |
    = help: the following other types implement trait `sqlx::Decode<'r, DB>`:
              `&'a str` implements `sqlx::Decode<'a, sqlx::Any>`
              `&'r [u8]` implements `sqlx::Decode<'r, Postgres>`
              `&'r [u8]` implements `sqlx::Decode<'r, sqlx::Any>`
              `&'r str` implements `sqlx::Decode<'r, Postgres>`
              `()` implements `sqlx::Decode<'r, Postgres>`
              `(T1, T2)` implements `sqlx::Decode<'r, Postgres>`
              `(T1, T2, T3)` implements `sqlx::Decode<'r, Postgres>`
              `(T1, T2, T3, T4)` implements `sqlx::Decode<'r, Postgres>`
            and 65 others
    = note: required for `std::option::Option<rust_decimal::Decimal>` to implement `sqlx::Decode<'_, Postgres>`
    = note: required for `(Uuid, String, String, str, i64, i32, Option<Decimal>, _, _, _)` to implement `for<'r> FromRow<'r, PgRow>`
note: required by a bound in `QueryAs::<'q, DB, O, A>::fetch_all`
   --> /Users/backenddevopsdeveloper/.cargo/registry/src/index.crates.io-1949cf8c6b5b557f/sqlx-core-0.8.6/src/query_as.rs:86:23
    |
 86 |     O: Send + Unpin + for<'r> FromRow<'r, DB::Row>,
    |                       ^^^^^^^^^^^^^^^^^^^^^^^^^^^^ required by this bound in `QueryAs::<'q, DB, O, A>::fetch_all`
...
137 |     pub async fn fetch_all<'e, 'c: 'e, E>(self, executor: E) -> Result<Vec<O>, Error>
    |                  --------- required by a bound in this associated function
    = note: the full name for the type has been written to '/Users/backenddevopsdeveloper/Downloads/DRIPS/degen-crucible/target/debug/deps/backend-e2776788e89d9f6e.long-type-2149607990807801171.txt'
    = note: consider using `--verbose` to print the full type name to the console

error[E0277]: the trait bound `rust_decimal::Decimal: sqlx::Type<Postgres>` is not satisfied
   --> backend/src/services/sys_metrics.rs:283:10
    |
283 |         .fetch_all(&self.db)
    |          ^^^^^^^^^ the trait `sqlx::Type<Postgres>` is not implemented for `rust_decimal::Decimal`
    |
    = help: the following other types implement trait `sqlx::Type<DB>`:
              `&T` implements `sqlx::Type<DB>`
              `()` implements `sqlx::Type<Postgres>`
              `(T1, T2)` implements `sqlx::Type<Postgres>`
              `(T1, T2, T3)` implements `sqlx::Type<Postgres>`
              `(T1, T2, T3, T4)` implements `sqlx::Type<Postgres>`
              `(T1, T2, T3, T4, T5)` implements `sqlx::Type<Postgres>`
              `(T1, T2, T3, T4, T5, T6)` implements `sqlx::Type<Postgres>`
              `(T1, T2, T3, T4, T5, T6, T7)` implements `sqlx::Type<Postgres>`
            and 67 others
    = note: required for `std::option::Option<rust_decimal::Decimal>` to implement `sqlx::Type<Postgres>`
    = note: required for `(Uuid, String, String, str, i64, i32, Option<Decimal>, _, _, _)` to implement `for<'r> FromRow<'r, PgRow>`
note: required by a bound in `QueryAs::<'q, DB, O, A>::fetch_all`
   --> /Users/backenddevopsdeveloper/.cargo/registry/src/index.crates.io-1949cf8c6b5b557f/sqlx-core-0.8.6/src/query_as.rs:86:23
    |
 86 |     O: Send + Unpin + for<'r> FromRow<'r, DB::Row>,
    |                       ^^^^^^^^^^^^^^^^^^^^^^^^^^^^ required by this bound in `QueryAs::<'q, DB, O, A>::fetch_all`
...
137 |     pub async fn fetch_all<'e, 'c: 'e, E>(self, executor: E) -> Result<Vec<O>, Error>
    |                  --------- required by a bound in this associated function
    = note: the full name for the type has been written to '/Users/backenddevopsdeveloper/Downloads/DRIPS/degen-crucible/target/debug/deps/backend-e2776788e89d9f6e.long-type-2149607990807801171.txt'
    = note: consider using `--verbose` to print the full type name to the console
help: use a unary tuple instead
    |
271 ~         let rows = (sqlx::query_as(
272 |             r#"
...
281 |         .bind(project_name)
282 ~         .bind(limit),)
    |

error[E0277]: the trait bound `rust_decimal::Decimal: sqlx::Decode<'_, Postgres>` is not satisfied
   --> backend/src/services/sys_metrics.rs:283:10
    |
283 |         .fetch_all(&self.db)
    |          ^^^^^^^^^ the trait `sqlx::Decode<'_, Postgres>` is not implemented for `rust_decimal::Decimal`
    |
    = help: the following other types implement trait `sqlx::Decode<'r, DB>`:
              `&'a str` implements `sqlx::Decode<'a, sqlx::Any>`
              `&'r [u8]` implements `sqlx::Decode<'r, Postgres>`
              `&'r [u8]` implements `sqlx::Decode<'r, sqlx::Any>`
              `&'r str` implements `sqlx::Decode<'r, Postgres>`
              `()` implements `sqlx::Decode<'r, Postgres>`
              `(T1, T2)` implements `sqlx::Decode<'r, Postgres>`
              `(T1, T2, T3)` implements `sqlx::Decode<'r, Postgres>`
              `(T1, T2, T3, T4)` implements `sqlx::Decode<'r, Postgres>`
            and 65 others
    = note: required for `std::option::Option<rust_decimal::Decimal>` to implement `sqlx::Decode<'_, Postgres>`
    = note: required for `(Uuid, String, String, str, i64, i32, Option<Decimal>, _, _, _)` to implement `for<'r> FromRow<'r, PgRow>`
note: required by a bound in `QueryAs<'q, DB, O, A>`
   --> /Users/backenddevopsdeveloper/.cargo/registry/src/index.crates.io-1949cf8c6b5b557f/sqlx-core-0.8.6/src/query_as.rs:86:23
    |
 86 |     O: Send + Unpin + for<'r> FromRow<'r, DB::Row>,
    |                       ^^^^^^^^^^^^^^^^^^^^^^^^^^^^ required by this bound in `QueryAs<'q, DB, O, A>`
    = note: the full name for the type has been written to '/Users/backenddevopsdeveloper/Downloads/DRIPS/degen-crucible/target/debug/deps/backend-e2776788e89d9f6e.long-type-2149607990807801171.txt'
    = note: consider using `--verbose` to print the full type name to the console

error[E0277]: the trait bound `rust_decimal::Decimal: sqlx::Decode<'_, Postgres>` is not satisfied
   --> backend/src/services/sys_metrics.rs:271:20
    |
271 |           let rows = sqlx::query_as(
    |  ____________________^
272 | |             r#"
273 | |             SELECT id, project_name, build_id, build_status, compilation_time_ms,
274 | |                    dependency_count, cache_hit_rate, cpu_usage, memory_usage_mb, build_timestamp
...   |
282 | |         .bind(limit)
283 | |         .fetch_all(&self.db)
    | |____________________________^ the trait `sqlx::Decode<'_, Postgres>` is not implemented for `rust_decimal::Decimal`
    |
    = help: the following other types implement trait `sqlx::Decode<'r, DB>`:
              `&'a str` implements `sqlx::Decode<'a, sqlx::Any>`
              `&'r [u8]` implements `sqlx::Decode<'r, Postgres>`
              `&'r [u8]` implements `sqlx::Decode<'r, sqlx::Any>`
              `&'r str` implements `sqlx::Decode<'r, Postgres>`
              `()` implements `sqlx::Decode<'r, Postgres>`
              `(T1, T2)` implements `sqlx::Decode<'r, Postgres>`
              `(T1, T2, T3)` implements `sqlx::Decode<'r, Postgres>`
              `(T1, T2, T3, T4)` implements `sqlx::Decode<'r, Postgres>`
            and 65 others
    = note: required for `std::option::Option<rust_decimal::Decimal>` to implement `sqlx::Decode<'_, Postgres>`
    = note: required for `(Uuid, String, String, str, i64, i32, Option<Decimal>, _, _, _)` to implement `for<'r> FromRow<'r, PgRow>`
note: required by a bound in `QueryAs<'q, DB, O, A>`
   --> /Users/backenddevopsdeveloper/.cargo/registry/src/index.crates.io-1949cf8c6b5b557f/sqlx-core-0.8.6/src/query_as.rs:86:23
    |
 86 |     O: Send + Unpin + for<'r> FromRow<'r, DB::Row>,
    |                       ^^^^^^^^^^^^^^^^^^^^^^^^^^^^ required by this bound in `QueryAs<'q, DB, O, A>`
    = note: the full name for the type has been written to '/Users/backenddevopsdeveloper/Downloads/DRIPS/degen-crucible/target/debug/deps/backend-e2776788e89d9f6e.long-type-2149607990807801171.txt'
    = note: consider using `--verbose` to print the full type name to the console

error[E0277]: the trait bound `rust_decimal::Decimal: sqlx::Decode<'_, Postgres>` is not satisfied
   --> backend/src/services/sys_metrics.rs:271:20
    |
271 |           let rows = sqlx::query_as(
    |  ____________________^
272 | |             r#"
273 | |             SELECT id, project_name, build_id, build_status, compilation_time_ms,
274 | |                    dependency_count, cache_hit_rate, cpu_usage, memory_usage_mb, build_timestamp
...   |
279 | |             "#,
280 | |         )
    | |_________^ the trait `sqlx::Decode<'_, Postgres>` is not implemented for `rust_decimal::Decimal`
    |
    = help: the following other types implement trait `sqlx::Decode<'r, DB>`:
              `&'a str` implements `sqlx::Decode<'a, sqlx::Any>`
              `&'r [u8]` implements `sqlx::Decode<'r, Postgres>`
              `&'r [u8]` implements `sqlx::Decode<'r, sqlx::Any>`
              `&'r str` implements `sqlx::Decode<'r, Postgres>`
              `()` implements `sqlx::Decode<'r, Postgres>`
              `(T1, T2)` implements `sqlx::Decode<'r, Postgres>`
              `(T1, T2, T3)` implements `sqlx::Decode<'r, Postgres>`
              `(T1, T2, T3, T4)` implements `sqlx::Decode<'r, Postgres>`
            and 65 others
    = note: required for `std::option::Option<rust_decimal::Decimal>` to implement `sqlx::Decode<'_, Postgres>`
    = note: required for `(Uuid, String, String, str, i64, i32, Option<Decimal>, _, _, _)` to implement `for<'r> FromRow<'r, PgRow>`
note: required by a bound in `sqlx::query_as`
   --> /Users/backenddevopsdeveloper/.cargo/registry/src/index.crates.io-1949cf8c6b5b557f/sqlx-core-0.8.6/src/query_as.rs:345:8
    |
342 | pub fn query_as<'q, DB, O>(sql: &'q str) -> QueryAs<'q, DB, O, <DB as Database>::Arguments<'q>>
    |        -------- required by a bound in this function
...
345 |     O: for<'r> FromRow<'r, DB::Row>,
    |        ^^^^^^^^^^^^^^^^^^^^^^^^^^^^ required by this bound in `query_as`
    = note: the full name for the type has been written to '/Users/backenddevopsdeveloper/Downloads/DRIPS/degen-crucible/target/debug/deps/backend-e2776788e89d9f6e.long-type-361501506598927545.txt'
    = note: consider using `--verbose` to print the full type name to the console

error[E0277]: the trait bound `rust_decimal::Decimal: sqlx::Type<Postgres>` is not satisfied
   --> backend/src/services/sys_metrics.rs:283:10
    |
283 |         .fetch_all(&self.db)
    |          ^^^^^^^^^ the trait `sqlx::Type<Postgres>` is not implemented for `rust_decimal::Decimal`
    |
    = help: the following other types implement trait `sqlx::Type<DB>`:
              `&T` implements `sqlx::Type<DB>`
              `()` implements `sqlx::Type<Postgres>`
              `(T1, T2)` implements `sqlx::Type<Postgres>`
              `(T1, T2, T3)` implements `sqlx::Type<Postgres>`
              `(T1, T2, T3, T4)` implements `sqlx::Type<Postgres>`
              `(T1, T2, T3, T4, T5)` implements `sqlx::Type<Postgres>`
              `(T1, T2, T3, T4, T5, T6)` implements `sqlx::Type<Postgres>`
              `(T1, T2, T3, T4, T5, T6, T7)` implements `sqlx::Type<Postgres>`
            and 67 others
    = note: required for `std::option::Option<rust_decimal::Decimal>` to implement `sqlx::Type<Postgres>`
    = note: required for `(Uuid, String, String, str, i64, i32, Option<Decimal>, ..., _, _)` to implement `for<'r> FromRow<'r, PgRow>`
note: required by a bound in `QueryAs<'q, DB, O, A>`
   --> /Users/backenddevopsdeveloper/.cargo/registry/src/index.crates.io-1949cf8c6b5b557f/sqlx-core-0.8.6/src/query_as.rs:86:23
    |
 86 |     O: Send + Unpin + for<'r> FromRow<'r, DB::Row>,
    |                       ^^^^^^^^^^^^^^^^^^^^^^^^^^^^ required by this bound in `QueryAs<'q, DB, O, A>`
    = note: the full name for the type has been written to '/Users/backenddevopsdeveloper/Downloads/DRIPS/degen-crucible/target/debug/deps/backend-e2776788e89d9f6e.long-type-10801177826573032167.txt'
    = note: consider using `--verbose` to print the full type name to the console

error[E0277]: the size for values of type `str` cannot be known at compilation time
   --> backend/src/services/sys_metrics.rs:286:41
    |
286 |           let metrics: Vec<BuildMetric> = rows
    |  _________________________________________^
287 | |             .into_iter()
288 | |             .map(
289 | |                 |(
...   |
316 | |             .collect();
    | |______________________^ doesn't have a size known at compile-time
    |
    = help: the trait `Sized` is not implemented for `str`
    = note: only the last element of a tuple may have a dynamically sized type

error[E0277]: the trait bound `rust_decimal::Decimal: sqlx::Decode<'_, Postgres>` is not satisfied
   --> backend/src/services/sys_metrics.rs:353:10
    |
353 |         .fetch_optional(&self.db)
    |          ^^^^^^^^^^^^^^ the trait `sqlx::Decode<'_, Postgres>` is not implemented for `rust_decimal::Decimal`
    |
    = help: the following other types implement trait `sqlx::Decode<'r, DB>`:
              `&'a str` implements `sqlx::Decode<'a, sqlx::Any>`
              `&'r [u8]` implements `sqlx::Decode<'r, Postgres>`
              `&'r [u8]` implements `sqlx::Decode<'r, sqlx::Any>`
              `&'r str` implements `sqlx::Decode<'r, Postgres>`
              `()` implements `sqlx::Decode<'r, Postgres>`
              `(T1, T2)` implements `sqlx::Decode<'r, Postgres>`
              `(T1, T2, T3)` implements `sqlx::Decode<'r, Postgres>`
              `(T1, T2, T3, T4)` implements `sqlx::Decode<'r, Postgres>`
            and 65 others
    = note: required for `std::option::Option<rust_decimal::Decimal>` to implement `sqlx::Decode<'_, Postgres>`
    = note: required for `(i64, i64, i64, Option<Decimal>, Option<Decimal>)` to implement `for<'r> FromRow<'r, PgRow>`
note: required by a bound in `QueryAs::<'q, DB, O, A>::fetch_optional`
   --> /Users/backenddevopsdeveloper/.cargo/registry/src/index.crates.io-1949cf8c6b5b557f/sqlx-core-0.8.6/src/query_as.rs:86:23
    |
 86 |     O: Send + Unpin + for<'r> FromRow<'r, DB::Row>,
    |                       ^^^^^^^^^^^^^^^^^^^^^^^^^^^^ required by this bound in `QueryAs::<'q, DB, O, A>::fetch_optional`
...
185 |     pub async fn fetch_optional<'e, 'c: 'e, E>(self, executor: E) -> Result<Option<O>, Error>
    |                  -------------- required by a bound in this associated function
    = note: the full name for the type has been written to '/Users/backenddevopsdeveloper/Downloads/DRIPS/degen-crucible/target/debug/deps/backend-e2776788e89d9f6e.long-type-12187622873178618568.txt'
    = note: consider using `--verbose` to print the full type name to the console

error[E0277]: the trait bound `rust_decimal::Decimal: sqlx::Type<Postgres>` is not satisfied
   --> backend/src/services/sys_metrics.rs:353:10
    |
353 |         .fetch_optional(&self.db)
    |          ^^^^^^^^^^^^^^ the trait `sqlx::Type<Postgres>` is not implemented for `rust_decimal::Decimal`
    |
    = help: the following other types implement trait `sqlx::Type<DB>`:
              `&T` implements `sqlx::Type<DB>`
              `()` implements `sqlx::Type<Postgres>`
              `(T1, T2)` implements `sqlx::Type<Postgres>`
              `(T1, T2, T3)` implements `sqlx::Type<Postgres>`
              `(T1, T2, T3, T4)` implements `sqlx::Type<Postgres>`
              `(T1, T2, T3, T4, T5)` implements `sqlx::Type<Postgres>`
              `(T1, T2, T3, T4, T5, T6)` implements `sqlx::Type<Postgres>`
              `(T1, T2, T3, T4, T5, T6, T7)` implements `sqlx::Type<Postgres>`
            and 67 others
    = note: required for `std::option::Option<rust_decimal::Decimal>` to implement `sqlx::Type<Postgres>`
    = note: required for `(i64, i64, i64, Option<Decimal>, Option<Decimal>)` to implement `for<'r> FromRow<'r, PgRow>`
note: required by a bound in `QueryAs::<'q, DB, O, A>::fetch_optional`
   --> /Users/backenddevopsdeveloper/.cargo/registry/src/index.crates.io-1949cf8c6b5b557f/sqlx-core-0.8.6/src/query_as.rs:86:23
    |
 86 |     O: Send + Unpin + for<'r> FromRow<'r, DB::Row>,
    |                       ^^^^^^^^^^^^^^^^^^^^^^^^^^^^ required by this bound in `QueryAs::<'q, DB, O, A>::fetch_optional`
...
185 |     pub async fn fetch_optional<'e, 'c: 'e, E>(self, executor: E) -> Result<Option<O>, Error>
    |                  -------------- required by a bound in this associated function
    = note: the full name for the type has been written to '/Users/backenddevopsdeveloper/Downloads/DRIPS/degen-crucible/target/debug/deps/backend-e2776788e89d9f6e.long-type-12187622873178618568.txt'
    = note: consider using `--verbose` to print the full type name to the console

error[E0277]: the trait bound `rust_decimal::Decimal: sqlx::Decode<'_, Postgres>` is not satisfied
   --> backend/src/services/sys_metrics.rs:353:10
    |
353 |         .fetch_optional(&self.db)
    |          ^^^^^^^^^^^^^^ the trait `sqlx::Decode<'_, Postgres>` is not implemented for `rust_decimal::Decimal`
    |
    = help: the following other types implement trait `sqlx::Decode<'r, DB>`:
              `&'a str` implements `sqlx::Decode<'a, sqlx::Any>`
              `&'r [u8]` implements `sqlx::Decode<'r, Postgres>`
              `&'r [u8]` implements `sqlx::Decode<'r, sqlx::Any>`
              `&'r str` implements `sqlx::Decode<'r, Postgres>`
              `()` implements `sqlx::Decode<'r, Postgres>`
              `(T1, T2)` implements `sqlx::Decode<'r, Postgres>`
              `(T1, T2, T3)` implements `sqlx::Decode<'r, Postgres>`
              `(T1, T2, T3, T4)` implements `sqlx::Decode<'r, Postgres>`
            and 65 others
    = note: required for `std::option::Option<rust_decimal::Decimal>` to implement `sqlx::Decode<'_, Postgres>`
    = note: required for `(i64, i64, i64, Option<Decimal>, Option<Decimal>)` to implement `for<'r> FromRow<'r, PgRow>`
note: required by a bound in `QueryAs<'q, DB, O, A>`
   --> /Users/backenddevopsdeveloper/.cargo/registry/src/index.crates.io-1949cf8c6b5b557f/sqlx-core-0.8.6/src/query_as.rs:86:23
    |
 86 |     O: Send + Unpin + for<'r> FromRow<'r, DB::Row>,
    |                       ^^^^^^^^^^^^^^^^^^^^^^^^^^^^ required by this bound in `QueryAs<'q, DB, O, A>`
    = note: the full name for the type has been written to '/Users/backenddevopsdeveloper/Downloads/DRIPS/degen-crucible/target/debug/deps/backend-e2776788e89d9f6e.long-type-12187622873178618568.txt'
    = note: consider using `--verbose` to print the full type name to the console

error[E0277]: the trait bound `rust_decimal::Decimal: sqlx::Decode<'_, Postgres>` is not satisfied
   --> backend/src/services/sys_metrics.rs:340:78
    |
340 |           let row: Option<(i64, i64, i64, Option<Decimal>, Option<Decimal>)> = sqlx::query_as(
    |  ______________________________________________________________________________^
341 | |             r#"
342 | |             SELECT 
343 | |                 COUNT(*) as total_builds,
...   |
352 | |         .bind(project_name)
353 | |         .fetch_optional(&self.db)
    | |_________________________________^ the trait `sqlx::Decode<'_, Postgres>` is not implemented for `rust_decimal::Decimal`
    |
    = help: the following other types implement trait `sqlx::Decode<'r, DB>`:
              `&'a str` implements `sqlx::Decode<'a, sqlx::Any>`
              `&'r [u8]` implements `sqlx::Decode<'r, Postgres>`
              `&'r [u8]` implements `sqlx::Decode<'r, sqlx::Any>`
              `&'r str` implements `sqlx::Decode<'r, Postgres>`
              `()` implements `sqlx::Decode<'r, Postgres>`
              `(T1, T2)` implements `sqlx::Decode<'r, Postgres>`
              `(T1, T2, T3)` implements `sqlx::Decode<'r, Postgres>`
              `(T1, T2, T3, T4)` implements `sqlx::Decode<'r, Postgres>`
            and 65 others
    = note: required for `std::option::Option<rust_decimal::Decimal>` to implement `sqlx::Decode<'_, Postgres>`
    = note: required for `(i64, i64, i64, Option<Decimal>, Option<Decimal>)` to implement `for<'r> FromRow<'r, PgRow>`
note: required by a bound in `QueryAs<'q, DB, O, A>`
   --> /Users/backenddevopsdeveloper/.cargo/registry/src/index.crates.io-1949cf8c6b5b557f/sqlx-core-0.8.6/src/query_as.rs:86:23
    |
 86 |     O: Send + Unpin + for<'r> FromRow<'r, DB::Row>,
    |                       ^^^^^^^^^^^^^^^^^^^^^^^^^^^^ required by this bound in `QueryAs<'q, DB, O, A>`
    = note: the full name for the type has been written to '/Users/backenddevopsdeveloper/Downloads/DRIPS/degen-crucible/target/debug/deps/backend-e2776788e89d9f6e.long-type-12187622873178618568.txt'
    = note: consider using `--verbose` to print the full type name to the console

error[E0277]: the trait bound `rust_decimal::Decimal: sqlx::Decode<'_, Postgres>` is not satisfied
   --> backend/src/services/sys_metrics.rs:340:78
    |
340 |           let row: Option<(i64, i64, i64, Option<Decimal>, Option<Decimal>)> = sqlx::query_as(
    |  ______________________________________________________________________________^
341 | |             r#"
342 | |             SELECT 
343 | |                 COUNT(*) as total_builds,
...   |
350 | |             "#,
351 | |         )
    | |_________^ the trait `sqlx::Decode<'_, Postgres>` is not implemented for `rust_decimal::Decimal`
    |
    = help: the following other types implement trait `sqlx::Decode<'r, DB>`:
              `&'a str` implements `sqlx::Decode<'a, sqlx::Any>`
              `&'r [u8]` implements `sqlx::Decode<'r, Postgres>`
              `&'r [u8]` implements `sqlx::Decode<'r, sqlx::Any>`
              `&'r str` implements `sqlx::Decode<'r, Postgres>`
              `()` implements `sqlx::Decode<'r, Postgres>`
              `(T1, T2)` implements `sqlx::Decode<'r, Postgres>`
              `(T1, T2, T3)` implements `sqlx::Decode<'r, Postgres>`
              `(T1, T2, T3, T4)` implements `sqlx::Decode<'r, Postgres>`
            and 65 others
    = note: required for `std::option::Option<rust_decimal::Decimal>` to implement `sqlx::Decode<'_, Postgres>`
    = note: required for `(i64, i64, i64, Option<Decimal>, Option<Decimal>)` to implement `for<'r> FromRow<'r, PgRow>`
note: required by a bound in `sqlx::query_as`
   --> /Users/backenddevopsdeveloper/.cargo/registry/src/index.crates.io-1949cf8c6b5b557f/sqlx-core-0.8.6/src/query_as.rs:345:8
    |
342 | pub fn query_as<'q, DB, O>(sql: &'q str) -> QueryAs<'q, DB, O, <DB as Database>::Arguments<'q>>
    |        -------- required by a bound in this function
...
345 |     O: for<'r> FromRow<'r, DB::Row>,
    |        ^^^^^^^^^^^^^^^^^^^^^^^^^^^^ required by this bound in `query_as`
    = note: the full name for the type has been written to '/Users/backenddevopsdeveloper/Downloads/DRIPS/degen-crucible/target/debug/deps/backend-e2776788e89d9f6e.long-type-12187622873178618568.txt'
    = note: consider using `--verbose` to print the full type name to the console

error[E0277]: the trait bound `rust_decimal::Decimal: sqlx::Type<Postgres>` is not satisfied
   --> backend/src/services/sys_metrics.rs:340:78
    |
340 |           let row: Option<(i64, i64, i64, Option<Decimal>, Option<Decimal>)> = sqlx::query_as(
    |  ______________________________________________________________________________^
341 | |             r#"
342 | |             SELECT 
343 | |                 COUNT(*) as total_builds,
...   |
350 | |             "#,
351 | |         )
    | |_________^ the trait `sqlx::Type<Postgres>` is not implemented for `rust_decimal::Decimal`
    |
    = help: the following other types implement trait `sqlx::Type<DB>`:
              `&T` implements `sqlx::Type<DB>`
              `()` implements `sqlx::Type<Postgres>`
              `(T1, T2)` implements `sqlx::Type<Postgres>`
              `(T1, T2, T3)` implements `sqlx::Type<Postgres>`
              `(T1, T2, T3, T4)` implements `sqlx::Type<Postgres>`
              `(T1, T2, T3, T4, T5)` implements `sqlx::Type<Postgres>`
              `(T1, T2, T3, T4, T5, T6)` implements `sqlx::Type<Postgres>`
              `(T1, T2, T3, T4, T5, T6, T7)` implements `sqlx::Type<Postgres>`
            and 67 others
    = note: required for `std::option::Option<rust_decimal::Decimal>` to implement `sqlx::Type<Postgres>`
    = note: required for `(i64, i64, i64, Option<Decimal>, Option<Decimal>)` to implement `for<'r> FromRow<'r, PgRow>`
note: required by a bound in `sqlx::query_as`
   --> /Users/backenddevopsdeveloper/.cargo/registry/src/index.crates.io-1949cf8c6b5b557f/sqlx-core-0.8.6/src/query_as.rs:345:8
    |
342 | pub fn query_as<'q, DB, O>(sql: &'q str) -> QueryAs<'q, DB, O, <DB as Database>::Arguments<'q>>
    |        -------- required by a bound in this function
...
345 |     O: for<'r> FromRow<'r, DB::Row>,
    |        ^^^^^^^^^^^^^^^^^^^^^^^^^^^^ required by this bound in `query_as`
    = note: the full name for the type has been written to '/Users/backenddevopsdeveloper/Downloads/DRIPS/degen-crucible/target/debug/deps/backend-e2776788e89d9f6e.long-type-12187622873178618568.txt'
    = note: consider using `--verbose` to print the full type name to the console

error[E0277]: the trait bound `str: sqlx::Decode<'_, Postgres>` is not satisfied
   --> backend/src/services/sys_metrics.rs:403:10
    |
403 |         .fetch_all(&self.db)
    |          ^^^^^^^^^ the trait `sqlx::Decode<'_, Postgres>` is not implemented for `str`
    |
help: the following other types implement trait `sqlx::Decode<'r, DB>`
   --> /Users/backenddevopsdeveloper/.cargo/registry/src/index.crates.io-1949cf8c6b5b557f/sqlx-postgres-0.8.6/src/types/str.rs:126:1
    |
126 | impl<'r> Decode<'r, Postgres> for &'r str {
    | ^^^^^^^^^^^^^^^^^^^^^^^^^^^^^^^^^^^^^^^^^ `&str` implements `sqlx::Decode<'_, Postgres>`
    |
   ::: /Users/backenddevopsdeveloper/.cargo/registry/src/index.crates.io-1949cf8c6b5b557f/sqlx-core-0.8.6/src/any/types/str.rs:35:1
    |
 35 | impl<'a> Decode<'a, Any> for &'a str {
    | ^^^^^^^^^^^^^^^^^^^^^^^^^^^^^^^^^^^^ `&str` implements `sqlx::Decode<'_, sqlx::Any>`
    = note: required for `(uuid::Uuid, std::string::String, std::string::String, str, _, _, _, _, _, _)` to implement `for<'r> FromRow<'r, PgRow>`
note: required by a bound in `QueryAs::<'q, DB, O, A>::fetch_all`
   --> /Users/backenddevopsdeveloper/.cargo/registry/src/index.crates.io-1949cf8c6b5b557f/sqlx-core-0.8.6/src/query_as.rs:86:23
    |
 86 |     O: Send + Unpin + for<'r> FromRow<'r, DB::Row>,
    |                       ^^^^^^^^^^^^^^^^^^^^^^^^^^^^ required by this bound in `QueryAs::<'q, DB, O, A>::fetch_all`
...
137 |     pub async fn fetch_all<'e, 'c: 'e, E>(self, executor: E) -> Result<Vec<O>, Error>
    |                  --------- required by a bound in this associated function

error[E0277]: the trait bound `str: sqlx::Decode<'_, Postgres>` is not satisfied
   --> backend/src/services/sys_metrics.rs:403:10
    |
403 |         .fetch_all(&self.db)
    |          ^^^^^^^^^ the trait `sqlx::Decode<'_, Postgres>` is not implemented for `str`
    |
help: the following other types implement trait `sqlx::Decode<'r, DB>`
   --> /Users/backenddevopsdeveloper/.cargo/registry/src/index.crates.io-1949cf8c6b5b557f/sqlx-postgres-0.8.6/src/types/str.rs:126:1
    |
126 | impl<'r> Decode<'r, Postgres> for &'r str {
    | ^^^^^^^^^^^^^^^^^^^^^^^^^^^^^^^^^^^^^^^^^ `&str` implements `sqlx::Decode<'_, Postgres>`
    |
   ::: /Users/backenddevopsdeveloper/.cargo/registry/src/index.crates.io-1949cf8c6b5b557f/sqlx-core-0.8.6/src/any/types/str.rs:35:1
    |
 35 | impl<'a> Decode<'a, Any> for &'a str {
    | ^^^^^^^^^^^^^^^^^^^^^^^^^^^^^^^^^^^^ `&str` implements `sqlx::Decode<'_, sqlx::Any>`
    = note: required for `(uuid::Uuid, std::string::String, std::string::String, str, _, _, _, _, _, _)` to implement `for<'r> FromRow<'r, PgRow>`
note: required by a bound in `QueryAs<'q, DB, O, A>`
   --> /Users/backenddevopsdeveloper/.cargo/registry/src/index.crates.io-1949cf8c6b5b557f/sqlx-core-0.8.6/src/query_as.rs:86:23
    |
 86 |     O: Send + Unpin + for<'r> FromRow<'r, DB::Row>,
    |                       ^^^^^^^^^^^^^^^^^^^^^^^^^^^^ required by this bound in `QueryAs<'q, DB, O, A>`

error[E0277]: the trait bound `str: sqlx::Decode<'_, Postgres>` is not satisfied
   --> backend/src/services/sys_metrics.rs:393:20
    |
393 |           let rows = sqlx::query_as(
    |  ____________________^
394 | |             r#"
395 | |             SELECT id, project_name, build_id, build_status, compilation_time_ms,
396 | |                    dependency_count, cache_hit_rate, cpu_usage, memory_usage_mb, build_timestamp
...   |
402 | |         .bind(limit)
403 | |         .fetch_all(&self.db)
    | |____________________________^ the trait `sqlx::Decode<'_, Postgres>` is not implemented for `str`
    |
help: the following other types implement trait `sqlx::Decode<'r, DB>`
   --> /Users/backenddevopsdeveloper/.cargo/registry/src/index.crates.io-1949cf8c6b5b557f/sqlx-postgres-0.8.6/src/types/str.rs:126:1
    |
126 | impl<'r> Decode<'r, Postgres> for &'r str {
    | ^^^^^^^^^^^^^^^^^^^^^^^^^^^^^^^^^^^^^^^^^ `&str` implements `sqlx::Decode<'_, Postgres>`
    |
   ::: /Users/backenddevopsdeveloper/.cargo/registry/src/index.crates.io-1949cf8c6b5b557f/sqlx-core-0.8.6/src/any/types/str.rs:35:1
    |
 35 | impl<'a> Decode<'a, Any> for &'a str {
    | ^^^^^^^^^^^^^^^^^^^^^^^^^^^^^^^^^^^^ `&str` implements `sqlx::Decode<'_, sqlx::Any>`
    = note: required for `(uuid::Uuid, std::string::String, std::string::String, str, _, _, _, _, _, _)` to implement `for<'r> FromRow<'r, PgRow>`
note: required by a bound in `QueryAs<'q, DB, O, A>`
   --> /Users/backenddevopsdeveloper/.cargo/registry/src/index.crates.io-1949cf8c6b5b557f/sqlx-core-0.8.6/src/query_as.rs:86:23
    |
 86 |     O: Send + Unpin + for<'r> FromRow<'r, DB::Row>,
    |                       ^^^^^^^^^^^^^^^^^^^^^^^^^^^^ required by this bound in `QueryAs<'q, DB, O, A>`

error[E0277]: the trait bound `str: sqlx::Decode<'_, Postgres>` is not satisfied
   --> backend/src/services/sys_metrics.rs:393:20
    |
393 |           let rows = sqlx::query_as(
    |  ____________________^
394 | |             r#"
395 | |             SELECT id, project_name, build_id, build_status, compilation_time_ms,
396 | |                    dependency_count, cache_hit_rate, cpu_usage, memory_usage_mb, build_timestamp
...   |
400 | |             "#,
401 | |         )
    | |_________^ the trait `sqlx::Decode<'_, Postgres>` is not implemented for `str`
    |
help: the following other types implement trait `sqlx::Decode<'r, DB>`
   --> /Users/backenddevopsdeveloper/.cargo/registry/src/index.crates.io-1949cf8c6b5b557f/sqlx-postgres-0.8.6/src/types/str.rs:126:1
    |
126 | impl<'r> Decode<'r, Postgres> for &'r str {
    | ^^^^^^^^^^^^^^^^^^^^^^^^^^^^^^^^^^^^^^^^^ `&str` implements `sqlx::Decode<'_, Postgres>`
    |
   ::: /Users/backenddevopsdeveloper/.cargo/registry/src/index.crates.io-1949cf8c6b5b557f/sqlx-core-0.8.6/src/any/types/str.rs:35:1
    |
 35 | impl<'a> Decode<'a, Any> for &'a str {
    | ^^^^^^^^^^^^^^^^^^^^^^^^^^^^^^^^^^^^ `&str` implements `sqlx::Decode<'_, sqlx::Any>`
    = note: required for `(uuid::Uuid, std::string::String, std::string::String, str, _, _, _, _, _, _)` to implement `for<'r> FromRow<'r, PgRow>`
note: required by a bound in `sqlx::query_as`
   --> /Users/backenddevopsdeveloper/.cargo/registry/src/index.crates.io-1949cf8c6b5b557f/sqlx-core-0.8.6/src/query_as.rs:345:8
    |
342 | pub fn query_as<'q, DB, O>(sql: &'q str) -> QueryAs<'q, DB, O, <DB as Database>::Arguments<'q>>
    |        -------- required by a bound in this function
...
345 |     O: for<'r> FromRow<'r, DB::Row>,
    |        ^^^^^^^^^^^^^^^^^^^^^^^^^^^^ required by this bound in `query_as`

error[E0277]: the size for values of type `str` cannot be known at compilation time
   --> backend/src/services/sys_metrics.rs:413:21
    |
413 |                     status_str,
    |                     ^^^^^^^^^^ doesn't have a size known at compile-time
    |
    = help: the trait `Sized` is not implemented for `str`
    = note: all local variables must have a statically known size

error[E0277]: the size for values of type `str` cannot be known at compilation time
   --> backend/src/services/sys_metrics.rs:406:12
    |
406 |           Ok(rows
    |  ____________^
407 | |             .into_iter()
408 | |             .map(
409 | |                 |(
...   |
434 | |                 },
435 | |             )
    | |_____________^ doesn't have a size known at compile-time
    |
    = help: the trait `Sized` is not implemented for `str`
    = note: only the last element of a tuple may have a dynamically sized type

error[E0277]: the size for values of type `str` cannot be known at compilation time
   --> backend/src/services/sys_metrics.rs:406:12
    |
406 |           Ok(rows
    |  ____________^
407 | |             .into_iter()
    | |________________________^ doesn't have a size known at compile-time
    |
    = help: the trait `Sized` is not implemented for `str`
    = note: only the last element of a tuple may have a dynamically sized type

error[E0277]: the size for values of type `str` cannot be known at compilation time
   --> backend/src/services/sys_metrics.rs:393:20
    |
393 |           let rows = sqlx::query_as(
    |  ____________________^
394 | |             r#"
395 | |             SELECT id, project_name, build_id, build_status, compilation_time_ms,
396 | |                    dependency_count, cache_hit_rate, cpu_usage, memory_usage_mb, build_timestamp
...   |
403 | |         .fetch_all(&self.db)
404 | |         .await?;
    | |______________^ doesn't have a size known at compile-time
    |
    = help: the trait `Sized` is not implemented for `str`
    = note: only the last element of a tuple may have a dynamically sized type

error[E0277]: the size for values of type `str` cannot be known at compilation time
   --> backend/src/services/sys_metrics.rs:393:20
    |
393 |         let rows = sqlx::query_as(
    |                    ^^^^^^^^^^^^^^ doesn't have a size known at compile-time
    |
    = help: the trait `Sized` is not implemented for `str`
    = note: only the last element of a tuple may have a dynamically sized type

error[E0277]: the trait bound `rust_decimal::Decimal: sqlx::Decode<'_, Postgres>` is not satisfied
   --> backend/src/services/sys_metrics.rs:403:10
    |
403 |         .fetch_all(&self.db)
    |          ^^^^^^^^^ the trait `sqlx::Decode<'_, Postgres>` is not implemented for `rust_decimal::Decimal`
    |
    = help: the following other types implement trait `sqlx::Decode<'r, DB>`:
              `&'a str` implements `sqlx::Decode<'a, sqlx::Any>`
              `&'r [u8]` implements `sqlx::Decode<'r, Postgres>`
              `&'r [u8]` implements `sqlx::Decode<'r, sqlx::Any>`
              `&'r str` implements `sqlx::Decode<'r, Postgres>`
              `()` implements `sqlx::Decode<'r, Postgres>`
              `(T1, T2)` implements `sqlx::Decode<'r, Postgres>`
              `(T1, T2, T3)` implements `sqlx::Decode<'r, Postgres>`
              `(T1, T2, T3, T4)` implements `sqlx::Decode<'r, Postgres>`
            and 65 others
    = note: required for `std::option::Option<rust_decimal::Decimal>` to implement `sqlx::Decode<'_, Postgres>`
    = note: required for `(Uuid, String, String, str, i64, i32, Option<Decimal>, _, _, _)` to implement `for<'r> FromRow<'r, PgRow>`
note: required by a bound in `QueryAs::<'q, DB, O, A>::fetch_all`
   --> /Users/backenddevopsdeveloper/.cargo/registry/src/index.crates.io-1949cf8c6b5b557f/sqlx-core-0.8.6/src/query_as.rs:86:23
    |
 86 |     O: Send + Unpin + for<'r> FromRow<'r, DB::Row>,
    |                       ^^^^^^^^^^^^^^^^^^^^^^^^^^^^ required by this bound in `QueryAs::<'q, DB, O, A>::fetch_all`
...
137 |     pub async fn fetch_all<'e, 'c: 'e, E>(self, executor: E) -> Result<Vec<O>, Error>
    |                  --------- required by a bound in this associated function
    = note: the full name for the type has been written to '/Users/backenddevopsdeveloper/Downloads/DRIPS/degen-crucible/target/debug/deps/backend-e2776788e89d9f6e.long-type-14208893216943192251.txt'
    = note: consider using `--verbose` to print the full type name to the console

error[E0277]: the trait bound `rust_decimal::Decimal: sqlx::Type<Postgres>` is not satisfied
   --> backend/src/services/sys_metrics.rs:403:10
    |
403 |         .fetch_all(&self.db)
    |          ^^^^^^^^^ the trait `sqlx::Type<Postgres>` is not implemented for `rust_decimal::Decimal`
    |
    = help: the following other types implement trait `sqlx::Type<DB>`:
              `&T` implements `sqlx::Type<DB>`
              `()` implements `sqlx::Type<Postgres>`
              `(T1, T2)` implements `sqlx::Type<Postgres>`
              `(T1, T2, T3)` implements `sqlx::Type<Postgres>`
              `(T1, T2, T3, T4)` implements `sqlx::Type<Postgres>`
              `(T1, T2, T3, T4, T5)` implements `sqlx::Type<Postgres>`
              `(T1, T2, T3, T4, T5, T6)` implements `sqlx::Type<Postgres>`
              `(T1, T2, T3, T4, T5, T6, T7)` implements `sqlx::Type<Postgres>`
            and 67 others
    = note: required for `std::option::Option<rust_decimal::Decimal>` to implement `sqlx::Type<Postgres>`
    = note: required for `(Uuid, String, String, str, i64, i32, Option<Decimal>, _, _, _)` to implement `for<'r> FromRow<'r, PgRow>`
note: required by a bound in `QueryAs::<'q, DB, O, A>::fetch_all`
   --> /Users/backenddevopsdeveloper/.cargo/registry/src/index.crates.io-1949cf8c6b5b557f/sqlx-core-0.8.6/src/query_as.rs:86:23
    |
 86 |     O: Send + Unpin + for<'r> FromRow<'r, DB::Row>,
    |                       ^^^^^^^^^^^^^^^^^^^^^^^^^^^^ required by this bound in `QueryAs::<'q, DB, O, A>::fetch_all`
...
137 |     pub async fn fetch_all<'e, 'c: 'e, E>(self, executor: E) -> Result<Vec<O>, Error>
    |                  --------- required by a bound in this associated function
    = note: the full name for the type has been written to '/Users/backenddevopsdeveloper/Downloads/DRIPS/degen-crucible/target/debug/deps/backend-e2776788e89d9f6e.long-type-14208893216943192251.txt'
    = note: consider using `--verbose` to print the full type name to the console
help: use a unary tuple instead
    |
393 ~         let rows = (sqlx::query_as(
394 |             r#"
...
401 |         )
402 ~         .bind(limit),)
    |

error[E0277]: the trait bound `rust_decimal::Decimal: sqlx::Decode<'_, Postgres>` is not satisfied
   --> backend/src/services/sys_metrics.rs:403:10
    |
403 |         .fetch_all(&self.db)
    |          ^^^^^^^^^ the trait `sqlx::Decode<'_, Postgres>` is not implemented for `rust_decimal::Decimal`
    |
    = help: the following other types implement trait `sqlx::Decode<'r, DB>`:
              `&'a str` implements `sqlx::Decode<'a, sqlx::Any>`
              `&'r [u8]` implements `sqlx::Decode<'r, Postgres>`
              `&'r [u8]` implements `sqlx::Decode<'r, sqlx::Any>`
              `&'r str` implements `sqlx::Decode<'r, Postgres>`
              `()` implements `sqlx::Decode<'r, Postgres>`
              `(T1, T2)` implements `sqlx::Decode<'r, Postgres>`
              `(T1, T2, T3)` implements `sqlx::Decode<'r, Postgres>`
              `(T1, T2, T3, T4)` implements `sqlx::Decode<'r, Postgres>`
            and 65 others
    = note: required for `std::option::Option<rust_decimal::Decimal>` to implement `sqlx::Decode<'_, Postgres>`
    = note: required for `(Uuid, String, String, str, i64, i32, Option<Decimal>, _, _, _)` to implement `for<'r> FromRow<'r, PgRow>`
note: required by a bound in `QueryAs<'q, DB, O, A>`
   --> /Users/backenddevopsdeveloper/.cargo/registry/src/index.crates.io-1949cf8c6b5b557f/sqlx-core-0.8.6/src/query_as.rs:86:23
    |
 86 |     O: Send + Unpin + for<'r> FromRow<'r, DB::Row>,
    |                       ^^^^^^^^^^^^^^^^^^^^^^^^^^^^ required by this bound in `QueryAs<'q, DB, O, A>`
    = note: the full name for the type has been written to '/Users/backenddevopsdeveloper/Downloads/DRIPS/degen-crucible/target/debug/deps/backend-e2776788e89d9f6e.long-type-14208893216943192251.txt'
    = note: consider using `--verbose` to print the full type name to the console

error[E0277]: the trait bound `rust_decimal::Decimal: sqlx::Decode<'_, Postgres>` is not satisfied
   --> backend/src/services/sys_metrics.rs:393:20
    |
393 |           let rows = sqlx::query_as(
    |  ____________________^
394 | |             r#"
395 | |             SELECT id, project_name, build_id, build_status, compilation_time_ms,
396 | |                    dependency_count, cache_hit_rate, cpu_usage, memory_usage_mb, build_timestamp
...   |
402 | |         .bind(limit)
403 | |         .fetch_all(&self.db)
    | |____________________________^ the trait `sqlx::Decode<'_, Postgres>` is not implemented for `rust_decimal::Decimal`
    |
    = help: the following other types implement trait `sqlx::Decode<'r, DB>`:
              `&'a str` implements `sqlx::Decode<'a, sqlx::Any>`
              `&'r [u8]` implements `sqlx::Decode<'r, Postgres>`
              `&'r [u8]` implements `sqlx::Decode<'r, sqlx::Any>`
              `&'r str` implements `sqlx::Decode<'r, Postgres>`
              `()` implements `sqlx::Decode<'r, Postgres>`
              `(T1, T2)` implements `sqlx::Decode<'r, Postgres>`
              `(T1, T2, T3)` implements `sqlx::Decode<'r, Postgres>`
              `(T1, T2, T3, T4)` implements `sqlx::Decode<'r, Postgres>`
            and 65 others
    = note: required for `std::option::Option<rust_decimal::Decimal>` to implement `sqlx::Decode<'_, Postgres>`
    = note: required for `(Uuid, String, String, str, i64, i32, Option<Decimal>, _, _, _)` to implement `for<'r> FromRow<'r, PgRow>`
note: required by a bound in `QueryAs<'q, DB, O, A>`
   --> /Users/backenddevopsdeveloper/.cargo/registry/src/index.crates.io-1949cf8c6b5b557f/sqlx-core-0.8.6/src/query_as.rs:86:23
    |
 86 |     O: Send + Unpin + for<'r> FromRow<'r, DB::Row>,
    |                       ^^^^^^^^^^^^^^^^^^^^^^^^^^^^ required by this bound in `QueryAs<'q, DB, O, A>`
    = note: the full name for the type has been written to '/Users/backenddevopsdeveloper/Downloads/DRIPS/degen-crucible/target/debug/deps/backend-e2776788e89d9f6e.long-type-14208893216943192251.txt'
    = note: consider using `--verbose` to print the full type name to the console

error[E0277]: the trait bound `rust_decimal::Decimal: sqlx::Decode<'_, Postgres>` is not satisfied
   --> backend/src/services/sys_metrics.rs:393:20
    |
393 |           let rows = sqlx::query_as(
    |  ____________________^
394 | |             r#"
395 | |             SELECT id, project_name, build_id, build_status, compilation_time_ms,
396 | |                    dependency_count, cache_hit_rate, cpu_usage, memory_usage_mb, build_timestamp
...   |
400 | |             "#,
401 | |         )
    | |_________^ the trait `sqlx::Decode<'_, Postgres>` is not implemented for `rust_decimal::Decimal`
    |
    = help: the following other types implement trait `sqlx::Decode<'r, DB>`:
              `&'a str` implements `sqlx::Decode<'a, sqlx::Any>`
              `&'r [u8]` implements `sqlx::Decode<'r, Postgres>`
              `&'r [u8]` implements `sqlx::Decode<'r, sqlx::Any>`
              `&'r str` implements `sqlx::Decode<'r, Postgres>`
              `()` implements `sqlx::Decode<'r, Postgres>`
              `(T1, T2)` implements `sqlx::Decode<'r, Postgres>`
              `(T1, T2, T3)` implements `sqlx::Decode<'r, Postgres>`
              `(T1, T2, T3, T4)` implements `sqlx::Decode<'r, Postgres>`
            and 65 others
    = note: required for `std::option::Option<rust_decimal::Decimal>` to implement `sqlx::Decode<'_, Postgres>`
    = note: required for `(Uuid, String, String, str, i64, i32, Option<Decimal>, _, _, _)` to implement `for<'r> FromRow<'r, PgRow>`
note: required by a bound in `sqlx::query_as`
   --> /Users/backenddevopsdeveloper/.cargo/registry/src/index.crates.io-1949cf8c6b5b557f/sqlx-core-0.8.6/src/query_as.rs:345:8
    |
342 | pub fn query_as<'q, DB, O>(sql: &'q str) -> QueryAs<'q, DB, O, <DB as Database>::Arguments<'q>>
    |        -------- required by a bound in this function
...
345 |     O: for<'r> FromRow<'r, DB::Row>,
    |        ^^^^^^^^^^^^^^^^^^^^^^^^^^^^ required by this bound in `query_as`
    = note: the full name for the type has been written to '/Users/backenddevopsdeveloper/Downloads/DRIPS/degen-crucible/target/debug/deps/backend-e2776788e89d9f6e.long-type-15175093302817705150.txt'
    = note: consider using `--verbose` to print the full type name to the console

error[E0277]: the trait bound `rust_decimal::Decimal: sqlx::Type<Postgres>` is not satisfied
   --> backend/src/services/sys_metrics.rs:403:10
    |
403 |         .fetch_all(&self.db)
    |          ^^^^^^^^^ the trait `sqlx::Type<Postgres>` is not implemented for `rust_decimal::Decimal`
    |
    = help: the following other types implement trait `sqlx::Type<DB>`:
              `&T` implements `sqlx::Type<DB>`
              `()` implements `sqlx::Type<Postgres>`
              `(T1, T2)` implements `sqlx::Type<Postgres>`
              `(T1, T2, T3)` implements `sqlx::Type<Postgres>`
              `(T1, T2, T3, T4)` implements `sqlx::Type<Postgres>`
              `(T1, T2, T3, T4, T5)` implements `sqlx::Type<Postgres>`
              `(T1, T2, T3, T4, T5, T6)` implements `sqlx::Type<Postgres>`
              `(T1, T2, T3, T4, T5, T6, T7)` implements `sqlx::Type<Postgres>`
            and 67 others
    = note: required for `std::option::Option<rust_decimal::Decimal>` to implement `sqlx::Type<Postgres>`
    = note: required for `(Uuid, String, String, str, i64, i32, Option<Decimal>, ..., _, _)` to implement `for<'r> FromRow<'r, PgRow>`
note: required by a bound in `QueryAs<'q, DB, O, A>`
   --> /Users/backenddevopsdeveloper/.cargo/registry/src/index.crates.io-1949cf8c6b5b557f/sqlx-core-0.8.6/src/query_as.rs:86:23
    |
 86 |     O: Send + Unpin + for<'r> FromRow<'r, DB::Row>,
    |                       ^^^^^^^^^^^^^^^^^^^^^^^^^^^^ required by this bound in `QueryAs<'q, DB, O, A>`
    = note: the full name for the type has been written to '/Users/backenddevopsdeveloper/Downloads/DRIPS/degen-crucible/target/debug/deps/backend-e2776788e89d9f6e.long-type-10495700397466960484.txt'
    = note: consider using `--verbose` to print the full type name to the console

error[E0277]: the size for values of type `str` cannot be known at compilation time
   --> backend/src/services/sys_metrics.rs:406:12
    |
406 |           Ok(rows
    |  ____________^
407 | |             .into_iter()
408 | |             .map(
409 | |                 |(
...   |
436 | |             .collect())
    | |______________________^ doesn't have a size known at compile-time
    |
    = help: the trait `Sized` is not implemented for `str`
    = note: only the last element of a tuple may have a dynamically sized type

error[E0382]: borrow of moved value: `keys`
   --> backend/src/services/sys_metrics.rs:478:53
    |
469 |         let keys: Vec<String> = redis::cmd("KEYS")
    |             ---- move occurs because `keys` has type `std::vec::Vec<std::string::String>`, which does not implement the `Copy` trait
...
475 |             for key in keys {
    |                        ---- `keys` moved due to this implicit call to `.into_iter()`
...
478 |             debug!(project = %project_name, count = keys.len(), "Invalidated project cache");
    |                                                     ^^^^ value borrowed here after move
    |
note: `into_iter` takes ownership of the receiver `self`, which moves `keys`
   --> /rustc/254b59607d4417e9dffbc307138ae5c86280fe4c/library/core/src/iter/traits/collect.rs:310:18
help: consider iterating over a slice of the `std::vec::Vec<std::string::String>`'s content to avoid moving into the `for` loop
    |
475 |             for key in &keys {
    |                        +

error[E0277]: the trait bound `rust_decimal::Decimal: sqlx::Encode<'_, _>` is not satisfied
  --> backend/src/services/compilation.rs:98:15
   |
98 |         .bind(cache_hit_rate)
   |          ---- ^^^^^^^^^^^^^^ the trait `sqlx::Encode<'_, _>` is not implemented for `rust_decimal::Decimal`
   |          |
   |          required by a bound introduced by this call
   |
   = help: the following other types implement trait `sqlx::Encode<'q, DB>`:
             `&'a str` implements `sqlx::Encode<'a, sqlx::Any>`
             `&'q [u8]` implements `sqlx::Encode<'q, sqlx::Any>`
             `&T` implements `sqlx::Encode<'q, DB>`
             `&[T]` implements `sqlx::Encode<'q, Postgres>`
             `&[u8]` implements `sqlx::Encode<'_, Postgres>`
             `&str` implements `sqlx::Encode<'_, Postgres>`
             `Box<[u8]>` implements `sqlx::Encode<'_, Postgres>`
             `Box<str>` implements `sqlx::Encode<'_, Postgres>`
           and 58 others
note: required by a bound in `sqlx::query::Query::<'q, DB, <DB as sqlx::Database>::Arguments<'q>>::bind`
  --> /Users/backenddevopsdeveloper/.cargo/registry/src/index.crates.io-1949cf8c6b5b557f/sqlx-core-0.8.6/src/query.rs:86:25
   |
86 |     pub fn bind<T: 'q + Encode<'q, DB> + Type<DB>>(mut self, value: T) -> Self {
   |                         ^^^^^^^^^^^^^^ required by this bound in `Query::<'q, DB, <DB as Database>::Arguments<'q>>::bind`

error[E0277]: the trait bound `rust_decimal::Decimal: sqlx::Type<_>` is not satisfied
  --> backend/src/services/compilation.rs:98:15
   |
98 |         .bind(cache_hit_rate)
   |          ---- ^^^^^^^^^^^^^^ the trait `sqlx::Type<_>` is not implemented for `rust_decimal::Decimal`
   |          |
   |          required by a bound introduced by this call
   |
   = help: the following other types implement trait `sqlx::Type<DB>`:
             `&T` implements `sqlx::Type<DB>`
             `()` implements `sqlx::Type<Postgres>`
             `(T1, T2)` implements `sqlx::Type<Postgres>`
             `(T1, T2, T3)` implements `sqlx::Type<Postgres>`
             `(T1, T2, T3, T4)` implements `sqlx::Type<Postgres>`
             `(T1, T2, T3, T4, T5)` implements `sqlx::Type<Postgres>`
             `(T1, T2, T3, T4, T5, T6)` implements `sqlx::Type<Postgres>`
             `(T1, T2, T3, T4, T5, T6, T7)` implements `sqlx::Type<Postgres>`
           and 67 others
note: required by a bound in `sqlx::query::Query::<'q, DB, <DB as sqlx::Database>::Arguments<'q>>::bind`
  --> /Users/backenddevopsdeveloper/.cargo/registry/src/index.crates.io-1949cf8c6b5b557f/sqlx-core-0.8.6/src/query.rs:86:42
   |
86 |     pub fn bind<T: 'q + Encode<'q, DB> + Type<DB>>(mut self, value: T) -> Self {
   |                                          ^^^^^^^^ required by this bound in `Query::<'q, DB, <DB as Database>::Arguments<'q>>::bind`
help: use a unary tuple instead
   |
98 |         .bind((cache_hit_rate,))
   |               +              ++

error[E0277]: the trait bound `rust_decimal::Decimal: sqlx::Encode<'_, _>` is not satisfied
  --> backend/src/services/compilation.rs:99:15
   |
99 |         .bind(cpu_usage)
   |          ---- ^^^^^^^^^ the trait `sqlx::Encode<'_, _>` is not implemented for `rust_decimal::Decimal`
   |          |
   |          required by a bound introduced by this call
   |
   = help: the following other types implement trait `sqlx::Encode<'q, DB>`:
             `&'a str` implements `sqlx::Encode<'a, sqlx::Any>`
             `&'q [u8]` implements `sqlx::Encode<'q, sqlx::Any>`
             `&T` implements `sqlx::Encode<'q, DB>`
             `&[T]` implements `sqlx::Encode<'q, Postgres>`
             `&[u8]` implements `sqlx::Encode<'_, Postgres>`
             `&str` implements `sqlx::Encode<'_, Postgres>`
             `Box<[u8]>` implements `sqlx::Encode<'_, Postgres>`
             `Box<str>` implements `sqlx::Encode<'_, Postgres>`
           and 58 others
note: required by a bound in `sqlx::query::Query::<'q, DB, <DB as sqlx::Database>::Arguments<'q>>::bind`
  --> /Users/backenddevopsdeveloper/.cargo/registry/src/index.crates.io-1949cf8c6b5b557f/sqlx-core-0.8.6/src/query.rs:86:25
   |
86 |     pub fn bind<T: 'q + Encode<'q, DB> + Type<DB>>(mut self, value: T) -> Self {
   |                         ^^^^^^^^^^^^^^ required by this bound in `Query::<'q, DB, <DB as Database>::Arguments<'q>>::bind`

error[E0277]: the trait bound `rust_decimal::Decimal: sqlx::Type<_>` is not satisfied
  --> backend/src/services/compilation.rs:99:15
   |
99 |         .bind(cpu_usage)
   |          ---- ^^^^^^^^^ the trait `sqlx::Type<_>` is not implemented for `rust_decimal::Decimal`
   |          |
   |          required by a bound introduced by this call
   |
   = help: the following other types implement trait `sqlx::Type<DB>`:
             `&T` implements `sqlx::Type<DB>`
             `()` implements `sqlx::Type<Postgres>`
             `(T1, T2)` implements `sqlx::Type<Postgres>`
             `(T1, T2, T3)` implements `sqlx::Type<Postgres>`
             `(T1, T2, T3, T4)` implements `sqlx::Type<Postgres>`
             `(T1, T2, T3, T4, T5)` implements `sqlx::Type<Postgres>`
             `(T1, T2, T3, T4, T5, T6)` implements `sqlx::Type<Postgres>`
             `(T1, T2, T3, T4, T5, T6, T7)` implements `sqlx::Type<Postgres>`
           and 67 others
note: required by a bound in `sqlx::query::Query::<'q, DB, <DB as sqlx::Database>::Arguments<'q>>::bind`
  --> /Users/backenddevopsdeveloper/.cargo/registry/src/index.crates.io-1949cf8c6b5b557f/sqlx-core-0.8.6/src/query.rs:86:42
   |
86 |     pub fn bind<T: 'q + Encode<'q, DB> + Type<DB>>(mut self, value: T) -> Self {
   |                                          ^^^^^^^^ required by this bound in `Query::<'q, DB, <DB as Database>::Arguments<'q>>::bind`
help: use a unary tuple instead
   |
99 |         .bind((cpu_usage,))
   |               +         ++

error[E0282]: type annotations needed
   --> backend/src/workers/job_history.rs:135:9
    |
135 |     let result = sqlx::query!(
    |         ^^^^^^
...
145 |     Ok(result.rows_affected())
    |        ------ type must be known at this point
    |
help: consider giving `result` an explicit type
    |
135 |     let result: /* Type */ = sqlx::query!(
    |               ++++++++++++

warning: use of deprecated method `redis::Client::get_async_connection`: aio::Connection is deprecated. Use client::get_multiplexed_async_connection instead.
   --> backend/src/workers/scheduler.rs:179:36
    |
179 |         let mut conn = match redis.get_async_connection().await {
    |                                    ^^^^^^^^^^^^^^^^^^^^

error[E0308]: `match` arms have incompatible types
   --> backend/src/workers/scheduler.rs:197:22
    |
187 |           let acquired: bool = match redis::cmd("SET")
    |  ______________________________-
188 | |             .arg(&lock_key)
189 | |             .arg("1")
190 | |             .arg("NX")
...   |
196 | |             Ok(Some(v)) if v == "OK" => true,
    | |                                         ---- this is found to be of type `bool`
197 | |             Ok(v) => v, // If it returns true/1
    | |                      ^ expected `bool`, found `Option<_>`
...   |
202 | |         };
    | |_________- `match` arms have incompatible types
    |
    = note: expected type `bool`
               found enum `std::option::Option<_>`
help: consider using `Option::expect` to unwrap the `std::option::Option<_>` value, panicking if the value is an `Option::None`
    |
197 |             Ok(v) => v.expect("REASON"), // If it returns true/1
    |                       +++++++++++++++++

warning: use of deprecated method `redis::Client::get_async_connection`: aio::Connection is deprecated. Use client::get_multiplexed_async_connection instead.
  --> backend/src/workers/cache_warm.rs:44:48
   |
44 |         let mut redis_conn = self.redis_client.get_async_connection().await?;
   |                                                ^^^^^^^^^^^^^^^^^^^^

error: this function depends on never type fallback being `()`
  --> backend/src/workers/cache_warm.rs:40:5
   |
40 |     async fn warm_cache(&self) -> Result<(), Box<dyn std::error::Error>> {
   |     ^^^^^^^^^^^^^^^^^^^^^^^^^^^^^^^^^^^^^^^^^^^^^^^^^^^^^^^^^^^^^^^^^^^^
   |
   = warning: this was previously accepted by the compiler but is being phased out; it will become a hard error in Rust 2024 and in a future release in all editions!
   = note: for more information, see <https://doc.rust-lang.org/edition-guide/rust-2024/never-type-fallback.html>
   = help: specify the types explicitly
note: in edition 2024, the requirement `!: FromRedisValue` will fail
  --> backend/src/workers/cache_warm.rs:52:14
   |
52 |             .set_ex(
   |              ^^^^^^
help: use `()` annotations to avoid fallback changes
   |
52 ~             .set_ex::<_, _, ()>(
53 |                 "dashboard:metrics:latest",
...
61 |         redis_conn
62 ~             .set_ex::<_, _, ()>(
   |

warning: use of deprecated method `redis::Client::get_async_connection`: aio::Connection is deprecated. Use client::get_multiplexed_async_connection instead.
  --> backend/src/workers/health.rs:52:48
   |
52 |         let mut redis_conn = self.redis_client.get_async_connection().await?;
   |                                                ^^^^^^^^^^^^^^^^^^^^

error[E0308]: mismatched types
   --> backend/src/workers/health.rs:76:33
    |
 73 | ...                   .set_ex(
    |                        ------ arguments to this method are incorrect
...
 76 | ...                       self.health_ttl.as_secs() as usize,
    |                           ^^^^^^^^^^^^^^^^^^^^^^^^^^^^^^^^^^ expected `u64`, found `usize`
    |
note: method defined here
   --> /Users/backenddevopsdeveloper/.cargo/registry/src/index.crates.io-1949cf8c6b5b557f/redis-0.27.6/src/commands/mod.rs:178:8
    |
178 |     fn set_ex<K: ToRedisArgs, V: ToRedisArgs>(key: K, value: V, seconds: u64) {
    |        ^^^^^^
help: you can convert a `usize` to a `u64` and panic if the converted value doesn't fit
    |
 76 |                                 (self.health_ttl.as_secs() as usize).try_into().unwrap(),
    |                                 +                                  +++++++++++++++++++++

error: this function depends on never type fallback being `()`
  --> backend/src/workers/health.rs:48:5
   |
48 |     async fn check_health(&self) -> Result<(), Box<dyn std::error::Error>> {
   |     ^^^^^^^^^^^^^^^^^^^^^^^^^^^^^^^^^^^^^^^^^^^^^^^^^^^^^^^^^^^^^^^^^^^^^^
   |
   = warning: this was previously accepted by the compiler but is being phased out; it will become a hard error in Rust 2024 and in a future release in all editions!
   = note: for more information, see <https://doc.rust-lang.org/edition-guide/rust-2024/never-type-fallback.html>
   = help: specify the types explicitly
note: in edition 2024, the requirement `!: FromRedisValue` will fail
  --> backend/src/workers/health.rs:73:30
   |
73 | ...                   .set_ex(
   |                        ^^^^^^
help: use `()` annotations to avoid fallback changes
   |
73 |                             .set_ex::<_, _, ()>(
   |                                    ++++++++++++

warning: use of deprecated method `redis::Client::get_async_connection`: aio::Connection is deprecated. Use client::get_multiplexed_async_connection instead.
   --> backend/src/workers/health.rs:101:48
    |
101 |         let mut redis_conn = self.redis_client.get_async_connection().await?;
    |                                                ^^^^^^^^^^^^^^^^^^^^

error[E0308]: mismatched types
   --> backend/src/workers/health.rs:116:17
    |
113 |             .set_ex(
    |              ------ arguments to this method are incorrect
...
116 |                 self.health_ttl.as_secs() as usize,
    |                 ^^^^^^^^^^^^^^^^^^^^^^^^^^^^^^^^^^ expected `u64`, found `usize`
    |
note: method defined here
   --> /Users/backenddevopsdeveloper/.cargo/registry/src/index.crates.io-1949cf8c6b5b557f/redis-0.27.6/src/commands/mod.rs:178:8
    |
178 |     fn set_ex<K: ToRedisArgs, V: ToRedisArgs>(key: K, value: V, seconds: u64) {
    |        ^^^^^^
help: you can convert a `usize` to a `u64` and panic if the converted value doesn't fit
    |
116 |                 (self.health_ttl.as_secs() as usize).try_into().unwrap(),
    |                 +                                  +++++++++++++++++++++

error: this function depends on never type fallback being `()`
   --> backend/src/workers/health.rs:97:5
    |
 97 | /     pub async fn report_heartbeat(
 98 | |         &self,
 99 | |         worker_id: &str,
100 | |     ) -> Result<(), Box<dyn std::error::Error>> {
    | |_______________________________________________^
    |
    = warning: this was previously accepted by the compiler but is being phased out; it will become a hard error in Rust 2024 and in a future release in all editions!
    = note: for more information, see <https://doc.rust-lang.org/edition-guide/rust-2024/never-type-fallback.html>
    = help: specify the types explicitly
note: in edition 2024, the requirement `!: FromRedisValue` will fail
   --> backend/src/workers/health.rs:113:14
    |
113 |             .set_ex(
    |              ^^^^^^
help: use `()` annotations to avoid fallback changes
    |
113 |             .set_ex::<_, _, ()>(
    |                    ++++++++++++

warning: use of deprecated method `redis::Client::get_async_connection`: aio::Connection is deprecated. Use client::get_multiplexed_async_connection instead.
   --> backend/src/workers/health.rs:128:48
    |
128 |         let mut redis_conn = self.redis_client.get_async_connection().await?;
    |                                                ^^^^^^^^^^^^^^^^^^^^

warning: use of deprecated method `redis::Client::get_async_connection`: aio::Connection is deprecated. Use client::get_multiplexed_async_connection instead.
  --> backend/src/workers/progress.rs:45:48
   |
45 |         let mut redis_conn = self.redis_client.get_async_connection().await?;
   |                                                ^^^^^^^^^^^^^^^^^^^^

error: this function depends on never type fallback being `()`
  --> backend/src/workers/progress.rs:41:5
   |
41 |     async fn update_progress(&self) -> Result<(), Box<dyn std::error::Error>> {
   |     ^^^^^^^^^^^^^^^^^^^^^^^^^^^^^^^^^^^^^^^^^^^^^^^^^^^^^^^^^^^^^^^^^^^^^^^^^
   |
   = warning: this was previously accepted by the compiler but is being phased out; it will become a hard error in Rust 2024 and in a future release in all editions!
   = note: for more information, see <https://doc.rust-lang.org/edition-guide/rust-2024/never-type-fallback.html>
   = help: specify the types explicitly
note: in edition 2024, the requirement `!: FromRedisValue` will fail
  --> backend/src/workers/progress.rs:69:30
   |
69 | ...                   .set_ex(
   |                        ^^^^^^
help: use `()` annotations to avoid fallback changes
   |
69 |                             .set_ex::<_, _, ()>(
   |                                    ++++++++++++

warning: use of deprecated method `redis::Client::get_async_connection`: aio::Connection is deprecated. Use client::get_multiplexed_async_connection instead.
  --> backend/src/workers/progress.rs:94:48
   |
94 |         let mut redis_conn = self.redis_client.get_async_connection().await?;
   |                                                ^^^^^^^^^^^^^^^^^^^^

warning: use of deprecated method `redis::Client::get_async_connection`: aio::Connection is deprecated. Use client::get_multiplexed_async_connection instead.
   --> backend/src/workers/progress.rs:115:48
    |
115 |         let mut redis_conn = self.redis_client.get_async_connection().await?;
    |                                                ^^^^^^^^^^^^^^^^^^^^

error: this function depends on never type fallback being `()`
   --> backend/src/workers/progress.rs:109:5
    |
109 | /     pub async fn update_job_progress(
110 | |         &self,
111 | |         job_id: &str,
112 | |         completed_steps: u64,
113 | |         total_steps: Option<u64>,
114 | |     ) -> Result<(), Box<dyn std::error::Error>> {
    | |_______________________________________________^
    |
    = warning: this was previously accepted by the compiler but is being phased out; it will become a hard error in Rust 2024 and in a future release in all editions!
    = note: for more information, see <https://doc.rust-lang.org/edition-guide/rust-2024/never-type-fallback.html>
    = help: specify the types explicitly
note: in edition 2024, the requirement `!: FromRedisValue` will fail
   --> backend/src/workers/progress.rs:128:14
    |
128 |             .set_ex(
    |              ^^^^^^
help: use `()` annotations to avoid fallback changes
    |
128 |             .set_ex::<_, _, ()>(
    |                    ++++++++++++

warning: use of deprecated method `redis::Client::get_async_connection`: aio::Connection is deprecated. Use client::get_multiplexed_async_connection instead.
  --> backend/src/workers/jobs/mod.rs:30:14
   |
30 |             .get_async_connection()
   |              ^^^^^^^^^^^^^^^^^^^^

warning: unused variable: `row`
   --> backend/src/services/feature_flags.rs:134:13
    |
134 |         let row: Option<(bool,)> =
    |             ^^^ help: if this is intentional, prefix it with an underscore: `_row`
    |
    = note: `#[warn(unused_variables)]` (part of `#[warn(unused)]`) on by default

warning: unused variable: `job_name`
   --> backend/src/workers/scheduler.rs:249:13
    |
249 |         let job_name = job.name.clone();
    |             ^^^^^^^^ help: if this is intentional, prefix it with an underscore: `_job_name`

Some errors have detailed explanations: E0107, E0255, E0277, E0282, E0308, E0382, E0609.
For more information about an error, try `rustc --explain E0107`.
warning: `backend` (lib) generated 30 warnings
error: could not compile `backend` (lib) due to 106 previous errors; 30 warnings emitted
